Archive member included to satisfy reference by file (symbol)

/home/hung/opt/xPacks/@gnu-mcu-eclipse/arm-none-eabi-gcc/8.2.1-1.7.1/.content/bin/../lib/gcc/arm-none-eabi/8.2.1/../../../../arm-none-eabi/lib/thumb/v7e-m+fp/hard/libc_nano.a(lib_a-exit.o)
                              /home/hung/opt/xPacks/@gnu-mcu-eclipse/arm-none-eabi-gcc/8.2.1-1.7.1/.content/bin/../lib/gcc/arm-none-eabi/8.2.1/../../../../arm-none-eabi/lib/thumb/v7e-m+fp/hard/crt0.o (exit)
/home/hung/opt/xPacks/@gnu-mcu-eclipse/arm-none-eabi-gcc/8.2.1-1.7.1/.content/bin/../lib/gcc/arm-none-eabi/8.2.1/../../../../arm-none-eabi/lib/thumb/v7e-m+fp/hard/libc_nano.a(lib_a-impure.o)
                              /home/hung/opt/xPacks/@gnu-mcu-eclipse/arm-none-eabi-gcc/8.2.1-1.7.1/.content/bin/../lib/gcc/arm-none-eabi/8.2.1/../../../../arm-none-eabi/lib/thumb/v7e-m+fp/hard/libc_nano.a(lib_a-exit.o) (_global_impure_ptr)
/home/hung/opt/xPacks/@gnu-mcu-eclipse/arm-none-eabi-gcc/8.2.1-1.7.1/.content/bin/../lib/gcc/arm-none-eabi/8.2.1/../../../../arm-none-eabi/lib/thumb/v7e-m+fp/hard/libc_nano.a(lib_a-init.o)
                              /home/hung/opt/xPacks/@gnu-mcu-eclipse/arm-none-eabi-gcc/8.2.1-1.7.1/.content/bin/../lib/gcc/arm-none-eabi/8.2.1/../../../../arm-none-eabi/lib/thumb/v7e-m+fp/hard/crt0.o (__libc_init_array)
/home/hung/opt/xPacks/@gnu-mcu-eclipse/arm-none-eabi-gcc/8.2.1-1.7.1/.content/bin/../lib/gcc/arm-none-eabi/8.2.1/../../../../arm-none-eabi/lib/thumb/v7e-m+fp/hard/libc_nano.a(lib_a-memset.o)
                              /home/hung/opt/xPacks/@gnu-mcu-eclipse/arm-none-eabi-gcc/8.2.1-1.7.1/.content/bin/../lib/gcc/arm-none-eabi/8.2.1/../../../../arm-none-eabi/lib/thumb/v7e-m+fp/hard/crt0.o (memset)
/home/hung/opt/xPacks/@gnu-mcu-eclipse/arm-none-eabi-gcc/8.2.1-1.7.1/.content/bin/../lib/gcc/arm-none-eabi/8.2.1/../../../../arm-none-eabi/lib/thumb/v7e-m+fp/hard/libnosys.a(_exit.o)
                              /home/hung/opt/xPacks/@gnu-mcu-eclipse/arm-none-eabi-gcc/8.2.1-1.7.1/.content/bin/../lib/gcc/arm-none-eabi/8.2.1/../../../../arm-none-eabi/lib/thumb/v7e-m+fp/hard/libc_nano.a(lib_a-exit.o) (_exit)
/home/hung/opt/xPacks/@gnu-mcu-eclipse/arm-none-eabi-gcc/8.2.1-1.7.1/.content/bin/../lib/gcc/arm-none-eabi/8.2.1/thumb/v7e-m+fp/hard/libgcc.a(_arm_addsubdf3.o)
                              build/main.o (__aeabi_ui2d)
/home/hung/opt/xPacks/@gnu-mcu-eclipse/arm-none-eabi-gcc/8.2.1-1.7.1/.content/bin/../lib/gcc/arm-none-eabi/8.2.1/thumb/v7e-m+fp/hard/libgcc.a(_arm_muldivdf3.o)
                              build/main.o (__aeabi_dmul)
/home/hung/opt/xPacks/@gnu-mcu-eclipse/arm-none-eabi-gcc/8.2.1-1.7.1/.content/bin/../lib/gcc/arm-none-eabi/8.2.1/thumb/v7e-m+fp/hard/libgcc.a(_arm_fixunsdfsi.o)
                              build/main.o (__aeabi_d2uiz)
/home/hung/opt/xPacks/@gnu-mcu-eclipse/arm-none-eabi-gcc/8.2.1-1.7.1/.content/bin/../lib/gcc/arm-none-eabi/8.2.1/thumb/v7e-m+fp/hard/libgcc.a(_aeabi_uldivmod.o)
                              build/stm32l4xx_hal_uart.o (__aeabi_uldivmod)
/home/hung/opt/xPacks/@gnu-mcu-eclipse/arm-none-eabi-gcc/8.2.1-1.7.1/.content/bin/../lib/gcc/arm-none-eabi/8.2.1/thumb/v7e-m+fp/hard/libgcc.a(_udivmoddi4.o)
                              /home/hung/opt/xPacks/@gnu-mcu-eclipse/arm-none-eabi-gcc/8.2.1-1.7.1/.content/bin/../lib/gcc/arm-none-eabi/8.2.1/thumb/v7e-m+fp/hard/libgcc.a(_aeabi_uldivmod.o) (__udivmoddi4)
/home/hung/opt/xPacks/@gnu-mcu-eclipse/arm-none-eabi-gcc/8.2.1-1.7.1/.content/bin/../lib/gcc/arm-none-eabi/8.2.1/thumb/v7e-m+fp/hard/libgcc.a(_dvmd_tls.o)
                              /home/hung/opt/xPacks/@gnu-mcu-eclipse/arm-none-eabi-gcc/8.2.1-1.7.1/.content/bin/../lib/gcc/arm-none-eabi/8.2.1/thumb/v7e-m+fp/hard/libgcc.a(_aeabi_uldivmod.o) (__aeabi_ldiv0)

Allocating common symbols
Common symbol       size              file

hi2c3               0x4c              build/main.o
hspi2               0x64              build/main.o
hi2c1               0x4c              build/main.o
uwTick              0x4               build/stm32l4xx_hal.o
huart1              0x80              build/main.o
hspi1               0x64              build/main.o
huart2              0x80              build/main.o

Discarded input sections

 .text          0x0000000000000000        0x0 /home/hung/opt/xPacks/@gnu-mcu-eclipse/arm-none-eabi-gcc/8.2.1-1.7.1/.content/bin/../lib/gcc/arm-none-eabi/8.2.1/thumb/v7e-m+fp/hard/crti.o
 .data          0x0000000000000000        0x0 /home/hung/opt/xPacks/@gnu-mcu-eclipse/arm-none-eabi-gcc/8.2.1-1.7.1/.content/bin/../lib/gcc/arm-none-eabi/8.2.1/thumb/v7e-m+fp/hard/crti.o
 .bss           0x0000000000000000        0x0 /home/hung/opt/xPacks/@gnu-mcu-eclipse/arm-none-eabi-gcc/8.2.1-1.7.1/.content/bin/../lib/gcc/arm-none-eabi/8.2.1/thumb/v7e-m+fp/hard/crti.o
 .text          0x0000000000000000        0x0 /home/hung/opt/xPacks/@gnu-mcu-eclipse/arm-none-eabi-gcc/8.2.1-1.7.1/.content/bin/../lib/gcc/arm-none-eabi/8.2.1/thumb/v7e-m+fp/hard/crtbegin.o
[...]
Memory Configuration

Name             Origin             Length             Attributes
RAM              0x0000000020000000 0x0000000000050000 xrw
FLASH            0x0000000008000000 0x0000000000100000 xr
*default*        0x0000000000000000 0xffffffffffffffff

Linker script and memory map

LOAD /home/hung/opt/xPacks/@gnu-mcu-eclipse/arm-none-eabi-gcc/8.2.1-1.7.1/.content/bin/../lib/gcc/arm-none-eabi/8.2.1/thumb/v7e-m+fp/hard/crti.o
LOAD /home/hung/opt/xPacks/@gnu-mcu-eclipse/arm-none-eabi-gcc/8.2.1-1.7.1/.content/bin/../lib/gcc/arm-none-eabi/8.2.1/thumb/v7e-m+fp/hard/crtbegin.o
LOAD /home/hung/opt/xPacks/@gnu-mcu-eclipse/arm-none-eabi-gcc/8.2.1-1.7.1/.content/bin/../lib/gcc/arm-none-eabi/8.2.1/../../../../arm-none-eabi/lib/thumb/v7e-m+fp/hard/crt0.o
LOAD build/main.o
LOAD build/stm32l4xx_it.o
LOAD build/stm32l4xx_hal_msp.o
LOAD build/stm32l4xx_hal_i2c.o
LOAD build/stm32l4xx_hal_i2c_ex.o
LOAD build/stm32l4xx_hal.o
LOAD build/stm32l4xx_hal_rcc.o
LOAD build/stm32l4xx_hal_rcc_ex.o
LOAD build/stm32l4xx_hal_flash.o
LOAD build/stm32l4xx_hal_flash_ex.o
LOAD build/stm32l4xx_hal_flash_ramfunc.o
LOAD build/stm32l4xx_hal_gpio.o
LOAD build/stm32l4xx_hal_dma.o
LOAD build/stm32l4xx_hal_dma_ex.o
LOAD build/stm32l4xx_hal_pwr.o
LOAD build/stm32l4xx_hal_pwr_ex.o
LOAD build/stm32l4xx_hal_cortex.o
LOAD build/stm32l4xx_hal_exti.o
LOAD build/stm32l4xx_hal_spi.o
LOAD build/stm32l4xx_hal_spi_ex.o
LOAD build/stm32l4xx_hal_tim.o
LOAD build/stm32l4xx_hal_tim_ex.o
LOAD build/stm32l4xx_hal_uart.o
LOAD build/stm32l4xx_hal_uart_ex.o
LOAD build/system_stm32l4xx.o
LOAD build/dwt_stm32_delay.o
LOAD build/startup_stm32l496xx.o
LOAD /home/hung/opt/xPacks/@gnu-mcu-eclipse/arm-none-eabi-gcc/8.2.1-1.7.1/.content/bin/../lib/gcc/arm-none-eabi/8.2.1/../../../../arm-none-eabi/lib/thumb/v7e-m+fp/hard/libc_nano.a
LOAD /home/hung/opt/xPacks/@gnu-mcu-eclipse/arm-none-eabi-gcc/8.2.1-1.7.1/.content/bin/../lib/gcc/arm-none-eabi/8.2.1/../../../../arm-none-eabi/lib/thumb/v7e-m+fp/hard/libm.a
LOAD /home/hung/opt/xPacks/@gnu-mcu-eclipse/arm-none-eabi-gcc/8.2.1-1.7.1/.content/bin/../lib/gcc/arm-none-eabi/8.2.1/../../../../arm-none-eabi/lib/thumb/v7e-m+fp/hard/libnosys.a
START GROUP
LOAD /home/hung/opt/xPacks/@gnu-mcu-eclipse/arm-none-eabi-gcc/8.2.1-1.7.1/.content/bin/../lib/gcc/arm-none-eabi/8.2.1/thumb/v7e-m+fp/hard/libgcc.a
LOAD /home/hung/opt/xPacks/@gnu-mcu-eclipse/arm-none-eabi-gcc/8.2.1-1.7.1/.content/bin/../lib/gcc/arm-none-eabi/8.2.1/../../../../arm-none-eabi/lib/thumb/v7e-m+fp/hard/libc_nano.a
END GROUP
START GROUP
LOAD /home/hung/opt/xPacks/@gnu-mcu-eclipse/arm-none-eabi-gcc/8.2.1-1.7.1/.content/bin/../lib/gcc/arm-none-eabi/8.2.1/thumb/v7e-m+fp/hard/libgcc.a
LOAD /home/hung/opt/xPacks/@gnu-mcu-eclipse/arm-none-eabi-gcc/8.2.1-1.7.1/.content/bin/../lib/gcc/arm-none-eabi/8.2.1/../../../../arm-none-eabi/lib/thumb/v7e-m+fp/hard/libc_nano.a
END GROUP
LOAD /home/hung/opt/xPacks/@gnu-mcu-eclipse/arm-none-eabi-gcc/8.2.1-1.7.1/.content/bin/../lib/gcc/arm-none-eabi/8.2.1/thumb/v7e-m+fp/hard/crtend.o
LOAD /home/hung/opt/xPacks/@gnu-mcu-eclipse/arm-none-eabi-gcc/8.2.1-1.7.1/.content/bin/../lib/gcc/arm-none-eabi/8.2.1/thumb/v7e-m+fp/hard/crtn.o
                0x0000000020050000                _estack = 0x20050000
                0x0000000000000200                _Min_Heap_Size = 0x200
                0x0000000000000400                _Min_Stack_Size = 0x400

.isr_vector     0x0000000008000000      0x1b0
                0x0000000008000000                . = ALIGN (0x8)
 *(.isr_vector)
 .isr_vector    0x0000000008000000      0x1ac build/startup_stm32l496xx.o
                0x0000000008000000                g_pfnVectors
                0x00000000080001b0                . = ALIGN (0x8)
 *fill*         0x00000000080001ac        0x4 

.text           0x00000000080001b0     0x4108
                0x00000000080001b0                . = ALIGN (0x8)
 *(.text)
 .text          0x00000000080001b0      0x378 /home/hung/opt/xPacks/@gnu-mcu-eclipse/arm-none-eabi-gcc/8.2.1-1.7.1/.content/bin/../lib/gcc/arm-none-eabi/8.2.1/thumb/v7e-m+fp/hard/libgcc.a(_arm_addsubdf3.o)
                0x00000000080001b0                __aeabi_drsub
                0x00000000080001b8                __aeabi_dsub
                0x00000000080001b8                __subdf3
                0x00000000080001bc                __adddf3
                0x00000000080001bc                __aeabi_dadd
                0x0000000008000434                __aeabi_ui2d
                0x0000000008000434                __floatunsidf
                0x0000000008000454                __floatsidf
                0x0000000008000454                __aeabi_i2d
                0x0000000008000478                __extendsfdf2
                0x0000000008000478                __aeabi_f2d
                0x00000000080004bc                __aeabi_ul2d
                0x00000000080004bc                __floatundidf
                0x00000000080004cc                __floatdidf
                0x00000000080004cc                __aeabi_l2d
 .text          0x0000000008000528      0x424 /home/hung/opt/xPacks/@gnu-mcu-eclipse/arm-none-eabi-gcc/8.2.1-1.7.1/.content/bin/../lib/gcc/arm-none-eabi/8.2.1/thumb/v7e-m+fp/hard/libgcc.a(_arm_muldivdf3.o)
                0x0000000008000528                __aeabi_dmul
                0x0000000008000528                __muldf3
                0x000000000800077c                __aeabi_ddiv
                0x000000000800077c                __divdf3
 .text          0x000000000800094c       0x40 /home/hung/opt/xPacks/@gnu-mcu-eclipse/arm-none-eabi-gcc/8.2.1-1.7.1/.content/bin/../lib/gcc/arm-none-eabi/8.2.1/thumb/v7e-m+fp/hard/libgcc.a(_arm_fixunsdfsi.o)
                0x000000000800094c                __fixunsdfsi
                0x000000000800094c                __aeabi_d2uiz
 .text          0x000000000800098c       0x30 /home/hung/opt/xPacks/@gnu-mcu-eclipse/arm-none-eabi-gcc/8.2.1-1.7.1/.content/bin/../lib/gcc/arm-none-eabi/8.2.1/thumb/v7e-m+fp/hard/libgcc.a(_aeabi_uldivmod.o)
                0x000000000800098c                __aeabi_uldivmod
 .text          0x00000000080009bc        0x4 /home/hung/opt/xPacks/@gnu-mcu-eclipse/arm-none-eabi-gcc/8.2.1-1.7.1/.content/bin/../lib/gcc/arm-none-eabi/8.2.1/thumb/v7e-m+fp/hard/libgcc.a(_dvmd_tls.o)
                0x00000000080009bc                __aeabi_ldiv0
                0x00000000080009bc                __aeabi_idiv0
 *(.text*)
 .text.deregister_tm_clones
                0x00000000080009c0       0x1c /home/hung/opt/xPacks/@gnu-mcu-eclipse/arm-none-eabi-gcc/8.2.1-1.7.1/.content/bin/../lib/gcc/arm-none-eabi/8.2.1/thumb/v7e-m+fp/hard/crtbegin.o
 .text.register_tm_clones
                0x00000000080009dc       0x24 /home/hung/opt/xPacks/@gnu-mcu-eclipse/arm-none-eabi-gcc/8.2.1-1.7.1/.content/bin/../lib/gcc/arm-none-eabi/8.2.1/thumb/v7e-m+fp/hard/crtbegin.o
 .text.__do_global_dtors_aux
                0x0000000008000a00       0x28 /home/hung/opt/xPacks/@gnu-mcu-eclipse/arm-none-eabi-gcc/8.2.1-1.7.1/.content/bin/../lib/gcc/arm-none-eabi/8.2.1/thumb/v7e-m+fp/hard/crtbegin.o
 .text.frame_dummy
                0x0000000008000a28       0x24 /home/hung/opt/xPacks/@gnu-mcu-eclipse/arm-none-eabi-gcc/8.2.1-1.7.1/.content/bin/../lib/gcc/arm-none-eabi/8.2.1/thumb/v7e-m+fp/hard/crtbegin.o
 .text.main     0x0000000008000a4c       0x3c build/main.o
                0x0000000008000a4c                main
 .text.SystemClock_Config
                0x0000000008000a88      0x144 build/main.o
                0x0000000008000a88                SystemClock_Config
 .text.MX_I2C1_Init
                0x0000000008000bcc       0x80 build/main.o
 .text.MX_I2C3_Init
                0x0000000008000c4c       0x80 build/main.o
 .text.MX_SPI1_Init
                0x0000000008000ccc       0x7c build/main.o
 .text.MX_SPI2_Init
                0x0000000008000d48       0x7c build/main.o
 .text.MX_USART1_UART_Init
                0x0000000008000dc4       0x60 build/main.o
 .text.MX_USART2_UART_Init
                0x0000000008000e24       0x60 build/main.o
 .text.MX_USB_OTG_FS_USB_Init
                0x0000000008000e84        0xe build/main.o
 *fill*         0x0000000008000e92        0x2 
 .text.MX_GPIO_Init
                0x0000000008000e94      0x1c4 build/main.o
 .text.test_sensor_y401
                0x0000000008001058       0x8c build/main.o
                0x0000000008001058                test_sensor_y401
 .text.Error_Handler
                0x00000000080010e4        0xe build/main.o
                0x00000000080010e4                Error_Handler
 .text.NMI_Handler
                0x00000000080010f2        0xe build/stm32l4xx_it.o
                0x00000000080010f2                NMI_Handler
 .text.HardFault_Handler
                0x0000000008001100        0x6 build/stm32l4xx_it.o
                0x0000000008001100                HardFault_Handler
 .text.MemManage_Handler
                0x0000000008001106        0x6 build/stm32l4xx_it.o
                0x0000000008001106                MemManage_Handler
 .text.BusFault_Handler
                0x000000000800110c        0x6 build/stm32l4xx_it.o
                0x000000000800110c                BusFault_Handler
 .text.UsageFault_Handler
                0x0000000008001112        0x6 build/stm32l4xx_it.o
                0x0000000008001112                UsageFault_Handler
 .text.SVC_Handler
                0x0000000008001118        0xe build/stm32l4xx_it.o
                0x0000000008001118                SVC_Handler
 .text.DebugMon_Handler
                0x0000000008001126        0xe build/stm32l4xx_it.o
                0x0000000008001126                DebugMon_Handler
 .text.PendSV_Handler
                0x0000000008001134        0xe build/stm32l4xx_it.o
                0x0000000008001134                PendSV_Handler
 .text.SysTick_Handler
                0x0000000008001142        0xc build/stm32l4xx_it.o
                0x0000000008001142                SysTick_Handler
 *fill*         0x000000000800114e        0x2 
 .text.HAL_MspInit
                0x0000000008001150       0x48 build/stm32l4xx_hal_msp.o
                0x0000000008001150                HAL_MspInit
 .text.HAL_I2C_MspInit
                0x0000000008001198       0xec build/stm32l4xx_hal_msp.o
                0x0000000008001198                HAL_I2C_MspInit
 .text.HAL_SPI_MspInit
                0x0000000008001284       0xec build/stm32l4xx_hal_msp.o
                0x0000000008001284                HAL_SPI_MspInit
 .text.HAL_UART_MspInit
                0x0000000008001370       0xe8 build/stm32l4xx_hal_msp.o
                0x0000000008001370                HAL_UART_MspInit
 .text.HAL_I2C_Init
                0x0000000008001458      0x11e build/stm32l4xx_hal_i2c.o
                0x0000000008001458                HAL_I2C_Init
 .text.HAL_I2CEx_ConfigAnalogFilter
                0x0000000008001576       0x96 build/stm32l4xx_hal_i2c_ex.o
                0x0000000008001576                HAL_I2CEx_ConfigAnalogFilter
 .text.HAL_I2CEx_ConfigDigitalFilter
                0x000000000800160c       0x98 build/stm32l4xx_hal_i2c_ex.o
                0x000000000800160c                HAL_I2CEx_ConfigDigitalFilter
 .text.HAL_Init
                0x00000000080016a4       0x30 build/stm32l4xx_hal.o
                0x00000000080016a4                HAL_Init
 .text.HAL_InitTick
                0x00000000080016d4       0x74 build/stm32l4xx_hal.o
                0x00000000080016d4                HAL_InitTick
 .text.HAL_IncTick
                0x0000000008001748       0x24 build/stm32l4xx_hal.o
                0x0000000008001748                HAL_IncTick
 .text.HAL_GetTick
                0x000000000800176c       0x18 build/stm32l4xx_hal.o
                0x000000000800176c                HAL_GetTick
 .text.HAL_Delay
                0x0000000008001784       0x44 build/stm32l4xx_hal.o
                0x0000000008001784                HAL_Delay
 .text.HAL_RCC_OscConfig
                0x00000000080017c8      0x7dc build/stm32l4xx_hal_rcc.o
                0x00000000080017c8                HAL_RCC_OscConfig
 .text.HAL_RCC_ClockConfig
                0x0000000008001fa4      0x1c4 build/stm32l4xx_hal_rcc.o
                0x0000000008001fa4                HAL_RCC_ClockConfig
 .text.HAL_RCC_GetSysClockFreq
                0x0000000008002168      0x118 build/stm32l4xx_hal_rcc.o
                0x0000000008002168                HAL_RCC_GetSysClockFreq
 .text.HAL_RCC_GetHCLKFreq
                0x0000000008002280       0x18 build/stm32l4xx_hal_rcc.o
                0x0000000008002280                HAL_RCC_GetHCLKFreq
 .text.HAL_RCC_GetPCLK1Freq
                0x0000000008002298       0x2c build/stm32l4xx_hal_rcc.o
                0x0000000008002298                HAL_RCC_GetPCLK1Freq
 .text.HAL_RCC_GetPCLK2Freq
                0x00000000080022c4       0x2c build/stm32l4xx_hal_rcc.o
                0x00000000080022c4                HAL_RCC_GetPCLK2Freq
 .text.RCC_SetFlashLatencyFromMSIRange
                0x00000000080022f0       0xc0 build/stm32l4xx_hal_rcc.o
 .text.HAL_RCCEx_PeriphCLKConfig
                0x00000000080023b0      0x5f0 build/stm32l4xx_hal_rcc_ex.o
                0x00000000080023b0                HAL_RCCEx_PeriphCLKConfig
 .text.HAL_RCCEx_EnableMSIPLLMode
                0x00000000080029a0       0x20 build/stm32l4xx_hal_rcc_ex.o
                0x00000000080029a0                HAL_RCCEx_EnableMSIPLLMode
 .text.RCCEx_PLLSAI1_Config
                0x00000000080029c0      0x1e0 build/stm32l4xx_hal_rcc_ex.o
 .text.RCCEx_PLLSAI2_Config
                0x0000000008002ba0      0x1b4 build/stm32l4xx_hal_rcc_ex.o
 .text.HAL_GPIO_Init
                0x0000000008002d54      0x324 build/stm32l4xx_hal_gpio.o
                0x0000000008002d54                HAL_GPIO_Init
 .text.HAL_GPIO_ReadPin
                0x0000000008003078       0x30 build/stm32l4xx_hal_gpio.o
                0x0000000008003078                HAL_GPIO_ReadPin
 .text.HAL_GPIO_WritePin
                0x00000000080030a8       0x30 build/stm32l4xx_hal_gpio.o
                0x00000000080030a8                HAL_GPIO_WritePin
 .text.HAL_PWR_EnableBkUpAccess
                0x00000000080030d8       0x20 build/stm32l4xx_hal_pwr.o
                0x00000000080030d8                HAL_PWR_EnableBkUpAccess
 .text.HAL_PWREx_GetVoltageRange
                0x00000000080030f8       0x1c build/stm32l4xx_hal_pwr_ex.o
                0x00000000080030f8                HAL_PWREx_GetVoltageRange
 .text.HAL_PWREx_ControlVoltageScaling
                0x0000000008003114       0xac build/stm32l4xx_hal_pwr_ex.o
                0x0000000008003114                HAL_PWREx_ControlVoltageScaling
 .text.__NVIC_SetPriorityGrouping
                0x00000000080031c0       0x48 build/stm32l4xx_hal_cortex.o
 .text.__NVIC_GetPriorityGrouping
                0x0000000008003208       0x1c build/stm32l4xx_hal_cortex.o
 .text.__NVIC_SetPriority
                0x0000000008003224       0x54 build/stm32l4xx_hal_cortex.o
 .text.NVIC_EncodePriority
                0x0000000008003278       0x66 build/stm32l4xx_hal_cortex.o
 *fill*         0x00000000080032de        0x2 
 .text.SysTick_Config
                0x00000000080032e0       0x44 build/stm32l4xx_hal_cortex.o
 .text.HAL_NVIC_SetPriorityGrouping
                0x0000000008003324       0x16 build/stm32l4xx_hal_cortex.o
                0x0000000008003324                HAL_NVIC_SetPriorityGrouping
 .text.HAL_NVIC_SetPriority
                0x000000000800333a       0x38 build/stm32l4xx_hal_cortex.o
                0x000000000800333a                HAL_NVIC_SetPriority
 .text.HAL_SYSTICK_Config
                0x0000000008003372       0x18 build/stm32l4xx_hal_cortex.o
                0x0000000008003372                HAL_SYSTICK_Config
 .text.HAL_SPI_Init
                0x000000000800338a      0x114 build/stm32l4xx_hal_spi.o
                0x000000000800338a                HAL_SPI_Init
 .text.HAL_UART_Init
                0x000000000800349e       0x9c build/stm32l4xx_hal_uart.o
                0x000000000800349e                HAL_UART_Init
 *fill*         0x000000000800353a        0x2 
 .text.UART_SetConfig
                0x000000000800353c      0x6d8 build/stm32l4xx_hal_uart.o
                0x000000000800353c                UART_SetConfig
 .text.UART_AdvFeatureConfig
                0x0000000008003c14      0x144 build/stm32l4xx_hal_uart.o
                0x0000000008003c14                UART_AdvFeatureConfig
 .text.UART_CheckIdleState
                0x0000000008003d58       0x8a build/stm32l4xx_hal_uart.o
                0x0000000008003d58                UART_CheckIdleState
 .text.UART_WaitOnFlagUntilTimeout
                0x0000000008003de2       0x90 build/stm32l4xx_hal_uart.o
                0x0000000008003de2                UART_WaitOnFlagUntilTimeout
 *fill*         0x0000000008003e72        0x2 
 .text.SystemInit
                0x0000000008003e74       0x6c build/system_stm32l4xx.o
                0x0000000008003e74                SystemInit
 .text.DWT_Delay_us
                0x0000000008003ee0       0x44 build/dwt_stm32_delay.o
                0x0000000008003ee0                DWT_Delay_us
 .text.Reset_Handler
                0x0000000008003f24       0x50 build/startup_stm32l496xx.o
                0x0000000008003f24                Reset_Handler
 .text.Default_Handler
                0x0000000008003f74        0x2 build/startup_stm32l496xx.o
                0x0000000008003f74                RTC_Alarm_IRQHandler
                0x0000000008003f74                EXTI2_IRQHandler
                0x0000000008003f74                TIM8_TRG_COM_IRQHandler
                0x0000000008003f74                TIM8_CC_IRQHandler
                0x0000000008003f74                TIM1_CC_IRQHandler
                0x0000000008003f74                TSC_IRQHandler
                0x0000000008003f74                TAMP_STAMP_IRQHandler
                0x0000000008003f74                CAN2_RX1_IRQHandler
                0x0000000008003f74                EXTI3_IRQHandler
                0x0000000008003f74                LPTIM2_IRQHandler
                0x0000000008003f74                DFSDM1_FLT1_IRQHandler
                0x0000000008003f74                I2C3_ER_IRQHandler
                0x0000000008003f74                DFSDM1_FLT2_IRQHandler
                0x0000000008003f74                EXTI0_IRQHandler
                0x0000000008003f74                I2C2_EV_IRQHandler
                0x0000000008003f74                CAN1_RX0_IRQHandler
                0x0000000008003f74                FPU_IRQHandler
                0x0000000008003f74                TIM1_UP_TIM16_IRQHandler
                0x0000000008003f74                CAN2_SCE_IRQHandler
                0x0000000008003f74                ADC1_2_IRQHandler
                0x0000000008003f74                SPI1_IRQHandler
                0x0000000008003f74                TIM6_DAC_IRQHandler
                0x0000000008003f74                DCMI_IRQHandler
                0x0000000008003f74                CAN2_RX0_IRQHandler
                0x0000000008003f74                TIM8_UP_IRQHandler
                0x0000000008003f74                DMA2_Channel2_IRQHandler
                0x0000000008003f74                DMA1_Channel4_IRQHandler
                0x0000000008003f74                SAI2_IRQHandler
                0x0000000008003f74                DFSDM1_FLT3_IRQHandler
                0x0000000008003f74                USART3_IRQHandler
                0x0000000008003f74                DMA1_Channel7_IRQHandler
                0x0000000008003f74                CAN1_RX1_IRQHandler
                0x0000000008003f74                LCD_IRQHandler
                0x0000000008003f74                UART5_IRQHandler
                0x0000000008003f74                ADC3_IRQHandler
                0x0000000008003f74                TIM4_IRQHandler
                0x0000000008003f74                DMA2_Channel1_IRQHandler
                0x0000000008003f74                QUADSPI_IRQHandler
                0x0000000008003f74                I2C1_EV_IRQHandler
                0x0000000008003f74                DMA1_Channel6_IRQHandler
                0x0000000008003f74                UART4_IRQHandler
                0x0000000008003f74                DMA2_Channel4_IRQHandler
                0x0000000008003f74                TIM3_IRQHandler
                0x0000000008003f74                RCC_IRQHandler
                0x0000000008003f74                DMA1_Channel1_IRQHandler
                0x0000000008003f74                Default_Handler
                0x0000000008003f74                DMA2_Channel7_IRQHandler
                0x0000000008003f74                EXTI15_10_IRQHandler
                0x0000000008003f74                TIM7_IRQHandler
                0x0000000008003f74                SDMMC1_IRQHandler
                0x0000000008003f74                CAN2_TX_IRQHandler
                0x0000000008003f74                TIM5_IRQHandler
                0x0000000008003f74                I2C3_EV_IRQHandler
                0x0000000008003f74                EXTI9_5_IRQHandler
                0x0000000008003f74                RTC_WKUP_IRQHandler
                0x0000000008003f74                PVD_PVM_IRQHandler
                0x0000000008003f74                SPI2_IRQHandler
                0x0000000008003f74                CAN1_TX_IRQHandler
                0x0000000008003f74                DMA2_Channel5_IRQHandler
                0x0000000008003f74                CRS_IRQHandler
                0x0000000008003f74                DMA1_Channel5_IRQHandler
                0x0000000008003f74                EXTI4_IRQHandler
                0x0000000008003f74                RNG_IRQHandler
                0x0000000008003f74                TIM1_TRG_COM_TIM17_IRQHandler
                0x0000000008003f74                DMA1_Channel3_IRQHandler
                0x0000000008003f74                COMP_IRQHandler
                0x0000000008003f74                WWDG_IRQHandler
                0x0000000008003f74                I2C4_EV_IRQHandler
                0x0000000008003f74                LPUART1_IRQHandler
                0x0000000008003f74                DMA2_Channel6_IRQHandler
                0x0000000008003f74                TIM2_IRQHandler
                0x0000000008003f74                EXTI1_IRQHandler
                0x0000000008003f74                USART2_IRQHandler
                0x0000000008003f74                DFSDM1_FLT0_IRQHandler
                0x0000000008003f74                I2C2_ER_IRQHandler
                0x0000000008003f74                DMA1_Channel2_IRQHandler
                0x0000000008003f74                TIM8_BRK_IRQHandler
                0x0000000008003f74                CAN1_SCE_IRQHandler
                0x0000000008003f74                FLASH_IRQHandler
                0x0000000008003f74                USART1_IRQHandler
                0x0000000008003f74                OTG_FS_IRQHandler
                0x0000000008003f74                SPI3_IRQHandler
                0x0000000008003f74                I2C1_ER_IRQHandler
                0x0000000008003f74                FMC_IRQHandler
                0x0000000008003f74                SWPMI1_IRQHandler
                0x0000000008003f74                LPTIM1_IRQHandler
                0x0000000008003f74                I2C4_ER_IRQHandler
                0x0000000008003f74                SAI1_IRQHandler
                0x0000000008003f74                DMA2_Channel3_IRQHandler
                0x0000000008003f74                TIM1_BRK_TIM15_IRQHandler
 *fill*         0x0000000008003f76        0x2 
 .text.__libc_init_array
                0x0000000008003f78       0x48 /home/hung/opt/xPacks/@gnu-mcu-eclipse/arm-none-eabi-gcc/8.2.1-1.7.1/.content/bin/../lib/gcc/arm-none-eabi/8.2.1/../../../../arm-none-eabi/lib/thumb/v7e-m+fp/hard/libc_nano.a(lib_a-init.o)
                0x0000000008003f78                __libc_init_array
 .text.memset   0x0000000008003fc0       0x10 /home/hung/opt/xPacks/@gnu-mcu-eclipse/arm-none-eabi-gcc/8.2.1-1.7.1/.content/bin/../lib/gcc/arm-none-eabi/8.2.1/../../../../arm-none-eabi/lib/thumb/v7e-m+fp/hard/libc_nano.a(lib_a-memset.o)
                0x0000000008003fc0                memset
 .text.__udivmoddi4
                0x0000000008003fd0      0x2d0 /home/hung/opt/xPacks/@gnu-mcu-eclipse/arm-none-eabi-gcc/8.2.1-1.7.1/.content/bin/../lib/gcc/arm-none-eabi/8.2.1/thumb/v7e-m+fp/hard/libgcc.a(_udivmoddi4.o)
                0x0000000008003fd0                __udivmoddi4
 *(.glue_7)
 .glue_7        0x00000000080042a0        0x0 linker stubs
 *(.glue_7t)
 .glue_7t       0x00000000080042a0        0x0 linker stubs
 *(.eh_frame)
 .eh_frame      0x00000000080042a0        0x0 /home/hung/opt/xPacks/@gnu-mcu-eclipse/arm-none-eabi-gcc/8.2.1-1.7.1/.content/bin/../lib/gcc/arm-none-eabi/8.2.1/thumb/v7e-m+fp/hard/crtbegin.o
 *(.init)
 .init          0x00000000080042a0        0x4 /home/hung/opt/xPacks/@gnu-mcu-eclipse/arm-none-eabi-gcc/8.2.1-1.7.1/.content/bin/../lib/gcc/arm-none-eabi/8.2.1/thumb/v7e-m+fp/hard/crti.o
                0x00000000080042a0                _init
 .init          0x00000000080042a4        0x8 /home/hung/opt/xPacks/@gnu-mcu-eclipse/arm-none-eabi-gcc/8.2.1-1.7.1/.content/bin/../lib/gcc/arm-none-eabi/8.2.1/thumb/v7e-m+fp/hard/crtn.o
 *(.fini)
 .fini          0x00000000080042ac        0x4 /home/hung/opt/xPacks/@gnu-mcu-eclipse/arm-none-eabi-gcc/8.2.1-1.7.1/.content/bin/../lib/gcc/arm-none-eabi/8.2.1/thumb/v7e-m+fp/hard/crti.o
                0x00000000080042ac                _fini
 .fini          0x00000000080042b0        0x8 /home/hung/opt/xPacks/@gnu-mcu-eclipse/arm-none-eabi-gcc/8.2.1-1.7.1/.content/bin/../lib/gcc/arm-none-eabi/8.2.1/thumb/v7e-m+fp/hard/crtn.o
                0x00000000080042b8                . = ALIGN (0x8)
                0x00000000080042b8                _etext = .

.vfp11_veneer   0x00000000080042b8        0x0
 .vfp11_veneer  0x00000000080042b8        0x0 linker stubs

.v4_bx          0x00000000080042b8        0x0
 .v4_bx         0x00000000080042b8        0x0 linker stubs

.iplt           0x00000000080042b8        0x0
 .iplt          0x00000000080042b8        0x0 /home/hung/opt/xPacks/@gnu-mcu-eclipse/arm-none-eabi-gcc/8.2.1-1.7.1/.content/bin/../lib/gcc/arm-none-eabi/8.2.1/thumb/v7e-m+fp/hard/crtbegin.o

.rodata         0x00000000080042b8       0x48
                0x00000000080042b8                . = ALIGN (0x8)
 *(.rodata)
 *(.rodata*)
 .rodata.AHBPrescTable
                0x00000000080042b8       0x10 build/system_stm32l4xx.o
                0x00000000080042b8                AHBPrescTable
 .rodata.APBPrescTable
                0x00000000080042c8        0x8 build/system_stm32l4xx.o
                0x00000000080042c8                APBPrescTable
 .rodata.MSIRangeTable
                0x00000000080042d0       0x30 build/system_stm32l4xx.o
                0x00000000080042d0                MSIRangeTable
                0x0000000008004300                . = ALIGN (0x8)

.ARM.extab      0x0000000008004300        0x0
                0x0000000008004300                . = ALIGN (0x8)
 *(.ARM.extab* .gnu.linkonce.armextab.*)
                0x0000000008004300                . = ALIGN (0x8)

.ARM            0x0000000008004300        0x8
                0x0000000008004300                . = ALIGN (0x8)
                0x0000000008004300                __exidx_start = .
 *(.ARM.exidx*)
 .ARM.exidx.text.__udivmoddi4
                0x0000000008004300        0x8 /home/hung/opt/xPacks/@gnu-mcu-eclipse/arm-none-eabi-gcc/8.2.1-1.7.1/.content/bin/../lib/gcc/arm-none-eabi/8.2.1/thumb/v7e-m+fp/hard/libgcc.a(_udivmoddi4.o)
                0x0000000008004308                __exidx_end = .
                0x0000000008004308                . = ALIGN (0x8)

.rel.dyn        0x0000000008004308        0x0
 .rel.iplt      0x0000000008004308        0x0 /home/hung/opt/xPacks/@gnu-mcu-eclipse/arm-none-eabi-gcc/8.2.1-1.7.1/.content/bin/../lib/gcc/arm-none-eabi/8.2.1/thumb/v7e-m+fp/hard/crtbegin.o

.preinit_array  0x0000000008004308        0x0
                0x0000000008004308                . = ALIGN (0x8)
                0x0000000008004308                PROVIDE (__preinit_array_start = .)
 *(.preinit_array*)
                0x0000000008004308                PROVIDE (__preinit_array_end = .)
                0x0000000008004308                . = ALIGN (0x8)

.init_array     0x0000000008004308        0x8
                0x0000000008004308                . = ALIGN (0x8)
                0x0000000008004308                PROVIDE (__init_array_start = .)
 *(SORT_BY_NAME(.init_array.*))
 *(.init_array*)
 .init_array    0x0000000008004308        0x4 /home/hung/opt/xPacks/@gnu-mcu-eclipse/arm-none-eabi-gcc/8.2.1-1.7.1/.content/bin/../lib/gcc/arm-none-eabi/8.2.1/thumb/v7e-m+fp/hard/crtbegin.o
                0x000000000800430c                PROVIDE (__init_array_end = .)
                0x0000000008004310                . = ALIGN (0x8)
 *fill*         0x000000000800430c        0x4 

.fini_array     0x0000000008004310        0x8
                0x0000000008004310                . = ALIGN (0x8)
                [!provide]                        PROVIDE (__fini_array_start = .)
 *(SORT_BY_NAME(.fini_array.*))
 *(.fini_array*)
 .fini_array    0x0000000008004310        0x4 /home/hung/opt/xPacks/@gnu-mcu-eclipse/arm-none-eabi-gcc/8.2.1-1.7.1/.content/bin/../lib/gcc/arm-none-eabi/8.2.1/thumb/v7e-m+fp/hard/crtbegin.o
                [!provide]                        PROVIDE (__fini_array_end = .)
                0x0000000008004318                . = ALIGN (0x8)
 *fill*         0x0000000008004314        0x4 
                0x0000000008004318                _sidata = LOADADDR (.data)

.data           0x0000000020000000       0x10 load address 0x0000000008004318
                0x0000000020000000                . = ALIGN (0x8)
                0x0000000020000000                _sdata = .
 *(.data)
 *(.data*)
 .data.uwTickPrio
                0x0000000020000000        0x4 build/stm32l4xx_hal.o
                0x0000000020000000                uwTickPrio
 .data.uwTickFreq
                0x0000000020000004        0x4 build/stm32l4xx_hal.o
                0x0000000020000004                uwTickFreq
 .data.SystemCoreClock
                0x0000000020000008        0x4 build/system_stm32l4xx.o
                0x0000000020000008                SystemCoreClock
                0x0000000020000010                . = ALIGN (0x8)
 *fill*         0x000000002000000c        0x4 
                0x0000000020000010                _edata = .

.tm_clone_table
                0x0000000020000010        0x0 load address 0x0000000008004328
 .tm_clone_table
                0x0000000020000010        0x0 /home/hung/opt/xPacks/@gnu-mcu-eclipse/arm-none-eabi-gcc/8.2.1-1.7.1/.content/bin/../lib/gcc/arm-none-eabi/8.2.1/thumb/v7e-m+fp/hard/crtbegin.o
 .tm_clone_table
                0x0000000020000010        0x0 /home/hung/opt/xPacks/@gnu-mcu-eclipse/arm-none-eabi-gcc/8.2.1-1.7.1/.content/bin/../lib/gcc/arm-none-eabi/8.2.1/thumb/v7e-m+fp/hard/crtend.o

.igot.plt       0x0000000020000010        0x0 load address 0x0000000008004328
 .igot.plt      0x0000000020000010        0x0 /home/hung/opt/xPacks/@gnu-mcu-eclipse/arm-none-eabi-gcc/8.2.1-1.7.1/.content/bin/../lib/gcc/arm-none-eabi/8.2.1/thumb/v7e-m+fp/hard/crtbegin.o
                0x0000000020000010                . = ALIGN (0x4)

.bss            0x0000000020000010      0x280 load address 0x0000000008004328
                0x0000000020000010                _sbss = .
                0x0000000020000010                __bss_start__ = _sbss
 *(.bss)
 *(.bss*)
 .bss.completed.8014
                0x0000000020000010        0x1 /home/hung/opt/xPacks/@gnu-mcu-eclipse/arm-none-eabi-gcc/8.2.1-1.7.1/.content/bin/../lib/gcc/arm-none-eabi/8.2.1/thumb/v7e-m+fp/hard/crtbegin.o
 *fill*         0x0000000020000011        0x3 
 .bss.object.8019
                0x0000000020000014       0x18 /home/hung/opt/xPacks/@gnu-mcu-eclipse/arm-none-eabi-gcc/8.2.1-1.7.1/.content/bin/../lib/gcc/arm-none-eabi/8.2.1/thumb/v7e-m+fp/hard/crtbegin.o
 *(COMMON)
 COMMON         0x000000002000002c      0x260 build/main.o
                0x000000002000002c                hi2c3
                0x0000000020000078                hspi2
                0x00000000200000dc                hi2c1
                0x0000000020000128                huart1
                0x00000000200001a8                hspi1
                0x000000002000020c                huart2
 COMMON         0x000000002000028c        0x4 build/stm32l4xx_hal.o
                0x000000002000028c                uwTick
                0x0000000020000290                . = ALIGN (0x4)
                0x0000000020000290                _ebss = .
                0x0000000020000290                __bss_end__ = _ebss

._user_heap_stack
                0x0000000020000290      0x600 load address 0x0000000008004328
                0x0000000020000290                . = ALIGN (0x8)
                [!provide]                        PROVIDE (end = .)
                [!provide]                        PROVIDE (_end = .)
                0x0000000020000490                . = (. + _Min_Heap_Size)
 *fill*         0x0000000020000290      0x200 
                0x0000000020000890                . = (. + _Min_Stack_Size)
 *fill*         0x0000000020000490      0x400 
                0x0000000020000890                . = ALIGN (0x8)

/DISCARD/
 libc.a(*)
 libm.a(*)
 libgcc.a(*)

.ARM.attributes
                0x0000000000000000       0x30
 *(.ARM.attributes)
 .ARM.attributes
                0x0000000000000000       0x1e /home/hung/opt/xPacks/@gnu-mcu-eclipse/arm-none-eabi-gcc/8.2.1-1.7.1/.content/bin/../lib/gcc/arm-none-eabi/8.2.1/thumb/v7e-m+fp/hard/crti.o
 .ARM.attributes
                0x000000000000001e       0x34 /home/hung/opt/xPacks/@gnu-mcu-eclipse/arm-none-eabi-gcc/8.2.1-1.7.1/.content/bin/../lib/gcc/arm-none-eabi/8.2.1/thumb/v7e-m+fp/hard/crtbegin.o
 .ARM.attributes
                0x0000000000000052       0x34 build/main.o
 .ARM.attributes
                0x0000000000000086       0x34 build/stm32l4xx_it.o
 .ARM.attributes
                0x00000000000000ba       0x34 build/stm32l4xx_hal_msp.o
 .ARM.attributes
                0x00000000000000ee       0x34 build/stm32l4xx_hal_i2c.o
 .ARM.attributes
                0x0000000000000122       0x34 build/stm32l4xx_hal_i2c_ex.o
 .ARM.attributes
                0x0000000000000156       0x34 build/stm32l4xx_hal.o
 .ARM.attributes
                0x000000000000018a       0x34 build/stm32l4xx_hal_rcc.o
 .ARM.attributes
                0x00000000000001be       0x34 build/stm32l4xx_hal_rcc_ex.o
 .ARM.attributes
                0x00000000000001f2       0x34 build/stm32l4xx_hal_gpio.o
 .ARM.attributes
                0x0000000000000226       0x34 build/stm32l4xx_hal_pwr.o
 .ARM.attributes
                0x000000000000025a       0x34 build/stm32l4xx_hal_pwr_ex.o
 .ARM.attributes
                0x000000000000028e       0x34 build/stm32l4xx_hal_cortex.o
 .ARM.attributes
                0x00000000000002c2       0x34 build/stm32l4xx_hal_spi.o
 .ARM.attributes
                0x00000000000002f6       0x34 build/stm32l4xx_hal_uart.o
 .ARM.attributes
                0x000000000000032a       0x34 build/system_stm32l4xx.o
 .ARM.attributes
                0x000000000000035e       0x34 build/dwt_stm32_delay.o
 .ARM.attributes
                0x0000000000000392       0x21 build/startup_stm32l496xx.o
 .ARM.attributes
                0x00000000000003b3       0x34 /home/hung/opt/xPacks/@gnu-mcu-eclipse/arm-none-eabi-gcc/8.2.1-1.7.1/.content/bin/../lib/gcc/arm-none-eabi/8.2.1/../../../../arm-none-eabi/lib/thumb/v7e-m+fp/hard/libc_nano.a(lib_a-init.o)
 .ARM.attributes
                0x00000000000003e7       0x34 /home/hung/opt/xPacks/@gnu-mcu-eclipse/arm-none-eabi-gcc/8.2.1-1.7.1/.content/bin/../lib/gcc/arm-none-eabi/8.2.1/../../../../arm-none-eabi/lib/thumb/v7e-m+fp/hard/libc_nano.a(lib_a-memset.o)
 .ARM.attributes
                0x000000000000041b       0x1e /home/hung/opt/xPacks/@gnu-mcu-eclipse/arm-none-eabi-gcc/8.2.1-1.7.1/.content/bin/../lib/gcc/arm-none-eabi/8.2.1/thumb/v7e-m+fp/hard/libgcc.a(_arm_addsubdf3.o)
 .ARM.attributes
                0x0000000000000439       0x1e /home/hung/opt/xPacks/@gnu-mcu-eclipse/arm-none-eabi-gcc/8.2.1-1.7.1/.content/bin/../lib/gcc/arm-none-eabi/8.2.1/thumb/v7e-m+fp/hard/libgcc.a(_arm_muldivdf3.o)
 .ARM.attributes
                0x0000000000000457       0x1e /home/hung/opt/xPacks/@gnu-mcu-eclipse/arm-none-eabi-gcc/8.2.1-1.7.1/.content/bin/../lib/gcc/arm-none-eabi/8.2.1/thumb/v7e-m+fp/hard/libgcc.a(_arm_fixunsdfsi.o)
 .ARM.attributes
                0x0000000000000475       0x1e /home/hung/opt/xPacks/@gnu-mcu-eclipse/arm-none-eabi-gcc/8.2.1-1.7.1/.content/bin/../lib/gcc/arm-none-eabi/8.2.1/thumb/v7e-m+fp/hard/libgcc.a(_aeabi_uldivmod.o)
 .ARM.attributes
                0x0000000000000493       0x34 /home/hung/opt/xPacks/@gnu-mcu-eclipse/arm-none-eabi-gcc/8.2.1-1.7.1/.content/bin/../lib/gcc/arm-none-eabi/8.2.1/thumb/v7e-m+fp/hard/libgcc.a(_udivmoddi4.o)
 .ARM.attributes
                0x00000000000004c7       0x1e /home/hung/opt/xPacks/@gnu-mcu-eclipse/arm-none-eabi-gcc/8.2.1-1.7.1/.content/bin/../lib/gcc/arm-none-eabi/8.2.1/thumb/v7e-m+fp/hard/libgcc.a(_dvmd_tls.o)
 .ARM.attributes
                0x00000000000004e5       0x32 /home/hung/opt/xPacks/@gnu-mcu-eclipse/arm-none-eabi-gcc/8.2.1-1.7.1/.content/bin/../lib/gcc/arm-none-eabi/8.2.1/thumb/v7e-m+fp/hard/crtend.o
 .ARM.attributes
                0x0000000000000517       0x1e /home/hung/opt/xPacks/@gnu-mcu-eclipse/arm-none-eabi-gcc/8.2.1-1.7.1/.content/bin/../lib/gcc/arm-none-eabi/8.2.1/thumb/v7e-m+fp/hard/crtn.o
OUTPUT(build/lora_sensor_L496.elf elf32-littlearm)

.debug_info     0x0000000000000000    0x10edc
 .debug_info    0x0000000000000000     0x1972 build/main.o
 .debug_info    0x0000000000001972      0x38f build/stm32l4xx_it.o
 .debug_info    0x0000000000001d01     0x15a5 build/stm32l4xx_hal_msp.o
 .debug_info    0x00000000000032a6     0x2447 build/stm32l4xx_hal_i2c.o
 .debug_info    0x00000000000056ed      0xd42 build/stm32l4xx_hal_i2c_ex.o
 .debug_info    0x000000000000642f      0xe25 build/stm32l4xx_hal.o
 .debug_info    0x0000000000007254      0xf65 build/stm32l4xx_hal_rcc.o
 .debug_info    0x00000000000081b9     0x14a6 build/stm32l4xx_hal_rcc_ex.o
 .debug_info    0x000000000000965f      0xb24 build/stm32l4xx_hal_gpio.o
 .debug_info    0x000000000000a183      0xc87 build/stm32l4xx_hal_pwr.o
 .debug_info    0x000000000000ae0a      0xcf6 build/stm32l4xx_hal_pwr_ex.o
 .debug_info    0x000000000000bb00     0x1164 build/stm32l4xx_hal_cortex.o
 .debug_info    0x000000000000cc64     0x19f2 build/stm32l4xx_hal_spi.o
 .debug_info    0x000000000000e656     0x1b2e build/stm32l4xx_hal_uart.o
 .debug_info    0x0000000000010184      0x82c build/system_stm32l4xx.o
 .debug_info    0x00000000000109b0      0x50a build/dwt_stm32_delay.o
 .debug_info    0x0000000000010eba       0x22 build/startup_stm32l496xx.o

.debug_abbrev   0x0000000000000000     0x205e
 .debug_abbrev  0x0000000000000000      0x265 build/main.o
 .debug_abbrev  0x0000000000000265       0xf1 build/stm32l4xx_it.o
 .debug_abbrev  0x0000000000000356      0x1f4 build/stm32l4xx_hal_msp.o
 .debug_abbrev  0x000000000000054a      0x255 build/stm32l4xx_hal_i2c.o
 .debug_abbrev  0x000000000000079f      0x1dc build/stm32l4xx_hal_i2c_ex.o
 .debug_abbrev  0x000000000000097b      0x226 build/stm32l4xx_hal.o
 .debug_abbrev  0x0000000000000ba1      0x274 build/stm32l4xx_hal_rcc.o
 .debug_abbrev  0x0000000000000e15      0x267 build/stm32l4xx_hal_rcc_ex.o
 .debug_abbrev  0x000000000000107c      0x1e7 build/stm32l4xx_hal_gpio.o
 .debug_abbrev  0x0000000000001263      0x1aa build/stm32l4xx_hal_pwr.o
 .debug_abbrev  0x000000000000140d      0x1f2 build/stm32l4xx_hal_pwr_ex.o
 .debug_abbrev  0x00000000000015ff      0x319 build/stm32l4xx_hal_cortex.o
 .debug_abbrev  0x0000000000001918      0x253 build/stm32l4xx_hal_spi.o
 .debug_abbrev  0x0000000000001b6b      0x22e build/stm32l4xx_hal_uart.o
 .debug_abbrev  0x0000000000001d99      0x16d build/system_stm32l4xx.o
 .debug_abbrev  0x0000000000001f06      0x146 build/dwt_stm32_delay.o
 .debug_abbrev  0x000000000000204c       0x12 build/startup_stm32l496xx.o

.debug_loc      0x0000000000000000     0x7cf0
 .debug_loc     0x0000000000000000      0x2ba build/main.o
 .debug_loc     0x00000000000002ba      0x1ec build/stm32l4xx_it.o
 .debug_loc     0x00000000000004a6      0x23c build/stm32l4xx_hal_msp.o
 .debug_loc     0x00000000000006e2     0x1950 build/stm32l4xx_hal_i2c.o
 .debug_loc     0x0000000000002032      0x228 build/stm32l4xx_hal_i2c_ex.o
 .debug_loc     0x000000000000225a      0x9b8 build/stm32l4xx_hal.o
 .debug_loc     0x0000000000002c12      0x3f4 build/stm32l4xx_hal_rcc.o
 .debug_loc     0x0000000000003006      0x918 build/stm32l4xx_hal_rcc_ex.o
 .debug_loc     0x000000000000391e      0x2d4 build/stm32l4xx_hal_gpio.o
 .debug_loc     0x0000000000003bf2      0x4a0 build/stm32l4xx_hal_pwr.o
 .debug_loc     0x0000000000004092      0xb08 build/stm32l4xx_hal_pwr_ex.o
 .debug_loc     0x0000000000004b9a      0x9f4 build/stm32l4xx_hal_cortex.o
 .debug_loc     0x000000000000558e     0x1240 build/stm32l4xx_hal_spi.o
 .debug_loc     0x00000000000067ce     0x13ee build/stm32l4xx_hal_uart.o
 .debug_loc     0x0000000000007bbc       0xa0 build/system_stm32l4xx.o
 .debug_loc     0x0000000000007c5c       0x94 build/dwt_stm32_delay.o

.debug_aranges  0x0000000000000000      0xe50
 .debug_aranges
                0x0000000000000000       0x78 build/main.o
 .debug_aranges
                0x0000000000000078       0x60 build/stm32l4xx_it.o
 .debug_aranges
                0x00000000000000d8       0x50 build/stm32l4xx_hal_msp.o
 .debug_aranges
                0x0000000000000128      0x288 build/stm32l4xx_hal_i2c.o
 .debug_aranges
                0x00000000000003b0       0x48 build/stm32l4xx_hal_i2c_ex.o
 .debug_aranges
                0x00000000000003f8      0x130 build/stm32l4xx_hal.o
 .debug_aranges
                0x0000000000000528       0x88 build/stm32l4xx_hal_rcc.o
 .debug_aranges
                0x00000000000005b0      0x108 build/stm32l4xx_hal_rcc_ex.o
 .debug_aranges
                0x00000000000006b8       0x58 build/stm32l4xx_hal_gpio.o
 .debug_aranges
                0x0000000000000710       0x98 build/stm32l4xx_hal_pwr.o
 .debug_aranges
                0x00000000000007a8      0x148 build/stm32l4xx_hal_pwr_ex.o
 .debug_aranges
                0x00000000000008f0      0x118 build/stm32l4xx_hal_cortex.o
 .debug_aranges
                0x0000000000000a08      0x1d8 build/stm32l4xx_hal_spi.o
 .debug_aranges
                0x0000000000000be0      0x1f8 build/stm32l4xx_hal_uart.o
 .debug_aranges
                0x0000000000000dd8       0x28 build/system_stm32l4xx.o
 .debug_aranges
                0x0000000000000e00       0x28 build/dwt_stm32_delay.o
 .debug_aranges
                0x0000000000000e28       0x28 build/startup_stm32l496xx.o

.debug_ranges   0x0000000000000000      0xd48
 .debug_ranges  0x0000000000000000       0x68 build/main.o
 .debug_ranges  0x0000000000000068       0x50 build/stm32l4xx_it.o
 .debug_ranges  0x00000000000000b8       0x40 build/stm32l4xx_hal_msp.o
 .debug_ranges  0x00000000000000f8      0x278 build/stm32l4xx_hal_i2c.o
 .debug_ranges  0x0000000000000370       0x38 build/stm32l4xx_hal_i2c_ex.o
 .debug_ranges  0x00000000000003a8      0x120 build/stm32l4xx_hal.o
 .debug_ranges  0x00000000000004c8       0x78 build/stm32l4xx_hal_rcc.o
 .debug_ranges  0x0000000000000540       0xf8 build/stm32l4xx_hal_rcc_ex.o
 .debug_ranges  0x0000000000000638       0x48 build/stm32l4xx_hal_gpio.o
 .debug_ranges  0x0000000000000680       0x88 build/stm32l4xx_hal_pwr.o
 .debug_ranges  0x0000000000000708      0x138 build/stm32l4xx_hal_pwr_ex.o
 .debug_ranges  0x0000000000000840      0x108 build/stm32l4xx_hal_cortex.o
 .debug_ranges  0x0000000000000948      0x1c8 build/stm32l4xx_hal_spi.o
 .debug_ranges  0x0000000000000b10      0x1e8 build/stm32l4xx_hal_uart.o
 .debug_ranges  0x0000000000000cf8       0x18 build/system_stm32l4xx.o
 .debug_ranges  0x0000000000000d10       0x18 build/dwt_stm32_delay.o
 .debug_ranges  0x0000000000000d28       0x20 build/startup_stm32l496xx.o

.debug_line     0x0000000000000000     0xb27c
 .debug_line    0x0000000000000000      0x5f4 build/main.o
 .debug_line    0x00000000000005f4      0x2b8 build/stm32l4xx_it.o
 .debug_line    0x00000000000008ac      0x411 build/stm32l4xx_hal_msp.o
 .debug_line    0x0000000000000cbd     0x2d11 build/stm32l4xx_hal_i2c.o
 .debug_line    0x00000000000039ce      0x479 build/stm32l4xx_hal_i2c_ex.o
 .debug_line    0x0000000000003e47      0x611 build/stm32l4xx_hal.o
 .debug_line    0x0000000000004458      0xaaf build/stm32l4xx_hal_rcc.o
 .debug_line    0x0000000000004f07     0x1230 build/stm32l4xx_hal_rcc_ex.o
 .debug_line    0x0000000000006137      0x698 build/stm32l4xx_hal_gpio.o
 .debug_line    0x00000000000067cf      0x420 build/stm32l4xx_hal_pwr.o
 .debug_line    0x0000000000006bef      0x7df build/stm32l4xx_hal_pwr_ex.o
 .debug_line    0x00000000000073ce      0x7e7 build/stm32l4xx_hal_cortex.o
 .debug_line    0x0000000000007bb5     0x1a1e build/stm32l4xx_hal_spi.o
 .debug_line    0x00000000000095d3     0x16cc build/stm32l4xx_hal_uart.o
 .debug_line    0x000000000000ac9f      0x302 build/system_stm32l4xx.o
 .debug_line    0x000000000000afa1      0x268 build/dwt_stm32_delay.o
 .debug_line    0x000000000000b209       0x73 build/startup_stm32l496xx.o

.debug_str      0x0000000000000000     0x4670
 .debug_str     0x0000000000000000     0x1136 build/main.o
                                       0x1263 (size before relaxing)
 .debug_str     0x0000000000001136       0xa3 build/stm32l4xx_it.o
                                        0x451 (size before relaxing)
 .debug_str     0x00000000000011d9       0x9c build/stm32l4xx_hal_msp.o
                                        0xdf7 (size before relaxing)
 .debug_str     0x0000000000001275      0x863 build/stm32l4xx_hal_i2c.o
                                       0x10f0 (size before relaxing)
 .debug_str     0x0000000000001ad8      0x129 build/stm32l4xx_hal_i2c_ex.o
                                        0xae3 (size before relaxing)
 .debug_str     0x0000000000001c01      0x8f1 build/stm32l4xx_hal.o
                                        0xeac (size before relaxing)
 .debug_str     0x00000000000024f2      0x2dd build/stm32l4xx_hal_rcc.o
                                        0xa1a (size before relaxing)
 .debug_str     0x00000000000027cf      0x4eb build/stm32l4xx_hal_rcc_ex.o
                                        0xe73 (size before relaxing)
 .debug_str     0x0000000000002cba      0x105 build/stm32l4xx_hal_gpio.o
                                        0x76d (size before relaxing)
 .debug_str     0x0000000000002dbf      0x252 build/stm32l4xx_hal_pwr.o
                                        0x861 (size before relaxing)
 .debug_str     0x0000000000003011      0x497 build/stm32l4xx_hal_pwr_ex.o
                                        0x9dc (size before relaxing)
 .debug_str     0x00000000000034a8      0x48f build/stm32l4xx_hal_cortex.o
                                        0xe89 (size before relaxing)
 .debug_str     0x0000000000003937      0x540 build/stm32l4xx_hal_spi.o
                                        0xd40 (size before relaxing)
 .debug_str     0x0000000000003e77      0x693 build/stm32l4xx_hal_uart.o
                                        0xffe (size before relaxing)
 .debug_str     0x000000000000450a       0x38 build/system_stm32l4xx.o
                                        0x5ba (size before relaxing)
 .debug_str     0x0000000000004542      0x109 build/dwt_stm32_delay.o
                                        0x4da (size before relaxing)
 .debug_str     0x000000000000464b       0x25 build/startup_stm32l496xx.o
                                         0x4b (size before relaxing)

.comment        0x0000000000000000       0x68
 .comment       0x0000000000000000       0x68 build/main.o
                                         0x69 (size before relaxing)
 .comment       0x0000000000000068       0x69 build/stm32l4xx_it.o
 .comment       0x0000000000000068       0x69 build/stm32l4xx_hal_msp.o
 .comment       0x0000000000000068       0x69 build/stm32l4xx_hal_i2c.o
 .comment       0x0000000000000068       0x69 build/stm32l4xx_hal_i2c_ex.o
 .comment       0x0000000000000068       0x69 build/stm32l4xx_hal.o
 .comment       0x0000000000000068       0x69 build/stm32l4xx_hal_rcc.o
 .comment       0x0000000000000068       0x69 build/stm32l4xx_hal_rcc_ex.o
 .comment       0x0000000000000068       0x69 build/stm32l4xx_hal_gpio.o
 .comment       0x0000000000000068       0x69 build/stm32l4xx_hal_pwr.o
 .comment       0x0000000000000068       0x69 build/stm32l4xx_hal_pwr_ex.o
 .comment       0x0000000000000068       0x69 build/stm32l4xx_hal_cortex.o
 .comment       0x0000000000000068       0x69 build/stm32l4xx_hal_spi.o
 .comment       0x0000000000000068       0x69 build/stm32l4xx_hal_uart.o
 .comment       0x0000000000000068       0x69 build/system_stm32l4xx.o
 .comment       0x0000000000000068       0x69 build/dwt_stm32_delay.o

.debug_frame    0x0000000000000000     0x3fd0
 .debug_frame   0x0000000000000000      0x198 build/main.o
 .debug_frame   0x0000000000000198      0x12c build/stm32l4xx_it.o
 .debug_frame   0x00000000000002c4      0x128 build/stm32l4xx_hal_msp.o
 .debug_frame   0x00000000000003ec      0xc40 build/stm32l4xx_hal_i2c.o
 .debug_frame   0x000000000000102c      0x100 build/stm32l4xx_hal_i2c_ex.o
 .debug_frame   0x000000000000112c      0x514 build/stm32l4xx_hal.o
 .debug_frame   0x0000000000001640      0x210 build/stm32l4xx_hal_rcc.o
 .debug_frame   0x0000000000001850      0x48c build/stm32l4xx_hal_rcc_ex.o
 .debug_frame   0x0000000000001cdc      0x154 build/stm32l4xx_hal_gpio.o
 .debug_frame   0x0000000000001e30      0x264 build/stm32l4xx_hal_pwr.o
 .debug_frame   0x0000000000002094      0x590 build/stm32l4xx_hal_pwr_ex.o
 .debug_frame   0x0000000000002624      0x4d4 build/stm32l4xx_hal_cortex.o
 .debug_frame   0x0000000000002af8      0x8d0 build/stm32l4xx_hal_spi.o
 .debug_frame   0x00000000000033c8      0x984 build/stm32l4xx_hal_uart.o
 .debug_frame   0x0000000000003d4c       0x5c build/system_stm32l4xx.o
 .debug_frame   0x0000000000003da8       0x5c build/dwt_stm32_delay.o
 .debug_frame   0x0000000000003e04       0x2c /home/hung/opt/xPacks/@gnu-mcu-eclipse/arm-none-eabi-gcc/8.2.1-1.7.1/.content/bin/../lib/gcc/arm-none-eabi/8.2.1/../../../../arm-none-eabi/lib/thumb/v7e-m+fp/hard/libc_nano.a(lib_a-init.o)
 .debug_frame   0x0000000000003e30       0x20 /home/hung/opt/xPacks/@gnu-mcu-eclipse/arm-none-eabi-gcc/8.2.1-1.7.1/.content/bin/../lib/gcc/arm-none-eabi/8.2.1/../../../../arm-none-eabi/lib/thumb/v7e-m+fp/hard/libc_nano.a(lib_a-memset.o)
 .debug_frame   0x0000000000003e50       0xac /home/hung/opt/xPacks/@gnu-mcu-eclipse/arm-none-eabi-gcc/8.2.1-1.7.1/.content/bin/../lib/gcc/arm-none-eabi/8.2.1/thumb/v7e-m+fp/hard/libgcc.a(_arm_addsubdf3.o)
 .debug_frame   0x0000000000003efc       0x50 /home/hung/opt/xPacks/@gnu-mcu-eclipse/arm-none-eabi-gcc/8.2.1-1.7.1/.content/bin/../lib/gcc/arm-none-eabi/8.2.1/thumb/v7e-m+fp/hard/libgcc.a(_arm_muldivdf3.o)
 .debug_frame   0x0000000000003f4c       0x24 /home/hung/opt/xPacks/@gnu-mcu-eclipse/arm-none-eabi-gcc/8.2.1-1.7.1/.content/bin/../lib/gcc/arm-none-eabi/8.2.1/thumb/v7e-m+fp/hard/libgcc.a(_arm_fixunsdfsi.o)
 .debug_frame   0x0000000000003f70       0x2c /home/hung/opt/xPacks/@gnu-mcu-eclipse/arm-none-eabi-gcc/8.2.1-1.7.1/.content/bin/../lib/gcc/arm-none-eabi/8.2.1/thumb/v7e-m+fp/hard/libgcc.a(_aeabi_uldivmod.o)
 .debug_frame   0x0000000000003f9c       0x34 /home/hung/opt/xPacks/@gnu-mcu-eclipse/arm-none-eabi-gcc/8.2.1-1.7.1/.content/bin/../lib/gcc/arm-none-eabi/8.2.1/thumb/v7e-m+fp/hard/libgcc.a(_udivmoddi4.o)

Cross Reference Table

Symbol                                            File
ADC1_2_IRQHandler                                 build/startup_stm32l496xx.o
ADC3_IRQHandler                                   build/startup_stm32l496xx.o
AHBPrescTable                                     build/system_stm32l4xx.o
                                                  build/stm32l4xx_hal_rcc.o
APBPrescTable                                     build/system_stm32l4xx.o
                                                  build/stm32l4xx_hal_rcc.o
BusFault_Handler                                  build/stm32l4xx_it.o
CAN1_RX0_IRQHandler                               build/startup_stm32l496xx.o
CAN1_RX1_IRQHandler                               build/startup_stm32l496xx.o
CAN1_SCE_IRQHandler                               build/startup_stm32l496xx.o
CAN1_TX_IRQHandler                                build/startup_stm32l496xx.o
CAN2_RX0_IRQHandler                               build/startup_stm32l496xx.o
CAN2_RX1_IRQHandler                               build/startup_stm32l496xx.o
CAN2_SCE_IRQHandler                               build/startup_stm32l496xx.o
CAN2_TX_IRQHandler                                build/startup_stm32l496xx.o
COMP_IRQHandler                                   build/startup_stm32l496xx.o
CRS_IRQHandler                                    build/startup_stm32l496xx.o
DCMI_IRQHandler                                   build/startup_stm32l496xx.o
DFSDM1_FLT0_IRQHandler                            build/startup_stm32l496xx.o
DFSDM1_FLT1_IRQHandler                            build/startup_stm32l496xx.o
DFSDM1_FLT2_IRQHandler                            build/startup_stm32l496xx.o
DFSDM1_FLT3_IRQHandler                            build/startup_stm32l496xx.o
DMA1_Channel1_IRQHandler                          build/startup_stm32l496xx.o
DMA1_Channel2_IRQHandler                          build/startup_stm32l496xx.o
DMA1_Channel3_IRQHandler                          build/startup_stm32l496xx.o
DMA1_Channel4_IRQHandler                          build/startup_stm32l496xx.o
DMA1_Channel5_IRQHandler                          build/startup_stm32l496xx.o
DMA1_Channel6_IRQHandler                          build/startup_stm32l496xx.o
DMA1_Channel7_IRQHandler                          build/startup_stm32l496xx.o
DMA2D_IRQHandler                                  build/startup_stm32l496xx.o
DMA2_Channel1_IRQHandler                          build/startup_stm32l496xx.o
DMA2_Channel2_IRQHandler                          build/startup_stm32l496xx.o
DMA2_Channel3_IRQHandler                          build/startup_stm32l496xx.o
DMA2_Channel4_IRQHandler                          build/startup_stm32l496xx.o
DMA2_Channel5_IRQHandler                          build/startup_stm32l496xx.o
DMA2_Channel6_IRQHandler                          build/startup_stm32l496xx.o
DMA2_Channel7_IRQHandler                          build/startup_stm32l496xx.o
DWT_Delay_Init                                    build/dwt_stm32_delay.o
DWT_Delay_us                                      build/dwt_stm32_delay.o
                                                  build/main.o
DebugMon_Handler                                  build/stm32l4xx_it.o
Default_Handler                                   build/startup_stm32l496xx.o
EXTI0_IRQHandler                                  build/startup_stm32l496xx.o
EXTI15_10_IRQHandler                              build/startup_stm32l496xx.o
EXTI1_IRQHandler                                  build/startup_stm32l496xx.o
EXTI2_IRQHandler                                  build/startup_stm32l496xx.o
EXTI3_IRQHandler                                  build/startup_stm32l496xx.o
EXTI4_IRQHandler                                  build/startup_stm32l496xx.o
EXTI9_5_IRQHandler                                build/startup_stm32l496xx.o
Error_Handler                                     build/main.o
FLASH_FlushCaches                                 build/stm32l4xx_hal_flash_ex.o
                                                  build/stm32l4xx_hal_flash.o
FLASH_IRQHandler                                  build/startup_stm32l496xx.o
FLASH_PageErase                                   build/stm32l4xx_hal_flash_ex.o
                                                  build/stm32l4xx_hal_flash.o
FLASH_WaitForLastOperation                        build/stm32l4xx_hal_flash.o
                                                  build/stm32l4xx_hal_flash_ex.o
FMC_IRQHandler                                    build/startup_stm32l496xx.o
FPU_IRQHandler                                    build/startup_stm32l496xx.o
HAL_DBGMCU_DisableDBGSleepMode                    build/stm32l4xx_hal.o
HAL_DBGMCU_DisableDBGStandbyMode                  build/stm32l4xx_hal.o
HAL_DBGMCU_DisableDBGStopMode                     build/stm32l4xx_hal.o
HAL_DBGMCU_EnableDBGSleepMode                     build/stm32l4xx_hal.o
HAL_DBGMCU_EnableDBGStandbyMode                   build/stm32l4xx_hal.o
HAL_DBGMCU_EnableDBGStopMode                      build/stm32l4xx_hal.o
HAL_DMA_Abort                                     build/stm32l4xx_hal_dma.o
                                                  build/stm32l4xx_hal_uart.o
                                                  build/stm32l4xx_hal_spi.o
HAL_DMA_Abort_IT                                  build/stm32l4xx_hal_dma.o
                                                  build/stm32l4xx_hal_uart.o
                                                  build/stm32l4xx_hal_spi.o
                                                  build/stm32l4xx_hal_i2c.o
HAL_DMA_DeInit                                    build/stm32l4xx_hal_dma.o
HAL_DMA_GetError                                  build/stm32l4xx_hal_dma.o
                                                  build/stm32l4xx_hal_uart.o
HAL_DMA_GetState                                  build/stm32l4xx_hal_dma.o
HAL_DMA_IRQHandler                                build/stm32l4xx_hal_dma.o
HAL_DMA_Init                                      build/stm32l4xx_hal_dma.o
HAL_DMA_PollForTransfer                           build/stm32l4xx_hal_dma.o
HAL_DMA_RegisterCallback                          build/stm32l4xx_hal_dma.o
HAL_DMA_Start                                     build/stm32l4xx_hal_dma.o
HAL_DMA_Start_IT                                  build/stm32l4xx_hal_dma.o
                                                  build/stm32l4xx_hal_uart.o
                                                  build/stm32l4xx_hal_spi.o
                                                  build/stm32l4xx_hal_i2c.o
HAL_DMA_UnRegisterCallback                        build/stm32l4xx_hal_dma.o
HAL_DeInit                                        build/stm32l4xx_hal.o
HAL_Delay                                         build/stm32l4xx_hal.o
                                                  build/main.o
HAL_EXTI_ClearConfigLine                          build/stm32l4xx_hal_exti.o
HAL_EXTI_ClearPending                             build/stm32l4xx_hal_exti.o
HAL_EXTI_GenerateSWI                              build/stm32l4xx_hal_exti.o
HAL_EXTI_GetConfigLine                            build/stm32l4xx_hal_exti.o
HAL_EXTI_GetHandle                                build/stm32l4xx_hal_exti.o
HAL_EXTI_GetPending                               build/stm32l4xx_hal_exti.o
HAL_EXTI_IRQHandler                               build/stm32l4xx_hal_exti.o
HAL_EXTI_RegisterCallback                         build/stm32l4xx_hal_exti.o
HAL_EXTI_SetConfigLine                            build/stm32l4xx_hal_exti.o
HAL_FLASHEx_DisableRunPowerDown                   build/stm32l4xx_hal_flash_ramfunc.o
HAL_FLASHEx_EnableRunPowerDown                    build/stm32l4xx_hal_flash_ramfunc.o
HAL_FLASHEx_Erase                                 build/stm32l4xx_hal_flash_ex.o
HAL_FLASHEx_Erase_IT                              build/stm32l4xx_hal_flash_ex.o
HAL_FLASHEx_OBGetConfig                           build/stm32l4xx_hal_flash_ex.o
HAL_FLASHEx_OBProgram                             build/stm32l4xx_hal_flash_ex.o
HAL_FLASH_EndOfOperationCallback                  build/stm32l4xx_hal_flash.o
HAL_FLASH_GetError                                build/stm32l4xx_hal_flash.o
HAL_FLASH_IRQHandler                              build/stm32l4xx_hal_flash.o
HAL_FLASH_Lock                                    build/stm32l4xx_hal_flash.o
HAL_FLASH_OB_Launch                               build/stm32l4xx_hal_flash.o
HAL_FLASH_OB_Lock                                 build/stm32l4xx_hal_flash.o
HAL_FLASH_OB_Unlock                               build/stm32l4xx_hal_flash.o
HAL_FLASH_OperationErrorCallback                  build/stm32l4xx_hal_flash.o
HAL_FLASH_Program                                 build/stm32l4xx_hal_flash.o
HAL_FLASH_Program_IT                              build/stm32l4xx_hal_flash.o
HAL_FLASH_Unlock                                  build/stm32l4xx_hal_flash.o
HAL_GPIO_DeInit                                   build/stm32l4xx_hal_gpio.o
                                                  build/stm32l4xx_hal_msp.o
HAL_GPIO_EXTI_Callback                            build/stm32l4xx_hal_gpio.o
HAL_GPIO_EXTI_IRQHandler                          build/stm32l4xx_hal_gpio.o
HAL_GPIO_Init                                     build/stm32l4xx_hal_gpio.o
                                                  build/stm32l4xx_hal_rcc_ex.o
                                                  build/stm32l4xx_hal_rcc.o
                                                  build/stm32l4xx_hal_msp.o
                                                  build/main.o
HAL_GPIO_LockPin                                  build/stm32l4xx_hal_gpio.o
HAL_GPIO_ReadPin                                  build/stm32l4xx_hal_gpio.o
                                                  build/main.o
HAL_GPIO_TogglePin                                build/stm32l4xx_hal_gpio.o
HAL_GPIO_WritePin                                 build/stm32l4xx_hal_gpio.o
                                                  build/main.o
HAL_GetDEVID                                      build/stm32l4xx_hal.o
HAL_GetHalVersion                                 build/stm32l4xx_hal.o
HAL_GetREVID                                      build/stm32l4xx_hal.o
HAL_GetTick                                       build/stm32l4xx_hal.o
                                                  build/stm32l4xx_hal_uart_ex.o
                                                  build/stm32l4xx_hal_uart.o
                                                  build/stm32l4xx_hal_spi.o
                                                  build/stm32l4xx_hal_dma.o
                                                  build/stm32l4xx_hal_flash.o
                                                  build/stm32l4xx_hal_rcc_ex.o
                                                  build/stm32l4xx_hal_rcc.o
                                                  build/stm32l4xx_hal_i2c.o
HAL_GetTickFreq                                   build/stm32l4xx_hal.o
HAL_GetTickPrio                                   build/stm32l4xx_hal.o
HAL_GetUIDw0                                      build/stm32l4xx_hal.o
HAL_GetUIDw1                                      build/stm32l4xx_hal.o
HAL_GetUIDw2                                      build/stm32l4xx_hal.o
HAL_HalfDuplex_EnableReceiver                     build/stm32l4xx_hal_uart.o
HAL_HalfDuplex_EnableTransmitter                  build/stm32l4xx_hal_uart.o
HAL_HalfDuplex_Init                               build/stm32l4xx_hal_uart.o
HAL_I2CEx_ConfigAnalogFilter                      build/stm32l4xx_hal_i2c_ex.o
                                                  build/main.o
HAL_I2CEx_ConfigDigitalFilter                     build/stm32l4xx_hal_i2c_ex.o
                                                  build/main.o
HAL_I2CEx_DisableFastModePlus                     build/stm32l4xx_hal_i2c_ex.o
HAL_I2CEx_DisableWakeUp                           build/stm32l4xx_hal_i2c_ex.o
HAL_I2CEx_EnableFastModePlus                      build/stm32l4xx_hal_i2c_ex.o
HAL_I2CEx_EnableWakeUp                            build/stm32l4xx_hal_i2c_ex.o
HAL_I2C_AbortCpltCallback                         build/stm32l4xx_hal_i2c.o
HAL_I2C_AddrCallback                              build/stm32l4xx_hal_i2c.o
HAL_I2C_DeInit                                    build/stm32l4xx_hal_i2c.o
HAL_I2C_DisableListen_IT                          build/stm32l4xx_hal_i2c.o
HAL_I2C_ER_IRQHandler                             build/stm32l4xx_hal_i2c.o
HAL_I2C_EV_IRQHandler                             build/stm32l4xx_hal_i2c.o
HAL_I2C_EnableListen_IT                           build/stm32l4xx_hal_i2c.o
HAL_I2C_ErrorCallback                             build/stm32l4xx_hal_i2c.o
HAL_I2C_GetError                                  build/stm32l4xx_hal_i2c.o
HAL_I2C_GetMode                                   build/stm32l4xx_hal_i2c.o
HAL_I2C_GetState                                  build/stm32l4xx_hal_i2c.o
HAL_I2C_Init                                      build/stm32l4xx_hal_i2c.o
                                                  build/main.o
HAL_I2C_IsDeviceReady                             build/stm32l4xx_hal_i2c.o
HAL_I2C_ListenCpltCallback                        build/stm32l4xx_hal_i2c.o
HAL_I2C_MasterRxCpltCallback                      build/stm32l4xx_hal_i2c.o
HAL_I2C_MasterTxCpltCallback                      build/stm32l4xx_hal_i2c.o
HAL_I2C_Master_Abort_IT                           build/stm32l4xx_hal_i2c.o
HAL_I2C_Master_Receive                            build/stm32l4xx_hal_i2c.o
HAL_I2C_Master_Receive_DMA                        build/stm32l4xx_hal_i2c.o
HAL_I2C_Master_Receive_IT                         build/stm32l4xx_hal_i2c.o
HAL_I2C_Master_Seq_Receive_DMA                    build/stm32l4xx_hal_i2c.o
HAL_I2C_Master_Seq_Receive_IT                     build/stm32l4xx_hal_i2c.o
HAL_I2C_Master_Seq_Transmit_DMA                   build/stm32l4xx_hal_i2c.o
HAL_I2C_Master_Seq_Transmit_IT                    build/stm32l4xx_hal_i2c.o
HAL_I2C_Master_Transmit                           build/stm32l4xx_hal_i2c.o
HAL_I2C_Master_Transmit_DMA                       build/stm32l4xx_hal_i2c.o
HAL_I2C_Master_Transmit_IT                        build/stm32l4xx_hal_i2c.o
HAL_I2C_MemRxCpltCallback                         build/stm32l4xx_hal_i2c.o
HAL_I2C_MemTxCpltCallback                         build/stm32l4xx_hal_i2c.o
HAL_I2C_Mem_Read                                  build/stm32l4xx_hal_i2c.o
HAL_I2C_Mem_Read_DMA                              build/stm32l4xx_hal_i2c.o
HAL_I2C_Mem_Read_IT                               build/stm32l4xx_hal_i2c.o
HAL_I2C_Mem_Write                                 build/stm32l4xx_hal_i2c.o
HAL_I2C_Mem_Write_DMA                             build/stm32l4xx_hal_i2c.o
HAL_I2C_Mem_Write_IT                              build/stm32l4xx_hal_i2c.o
HAL_I2C_MspDeInit                                 build/stm32l4xx_hal_msp.o
HAL_I2C_MspInit                                   build/stm32l4xx_hal_msp.o
HAL_I2C_SlaveRxCpltCallback                       build/stm32l4xx_hal_i2c.o
HAL_I2C_SlaveTxCpltCallback                       build/stm32l4xx_hal_i2c.o
HAL_I2C_Slave_Receive                             build/stm32l4xx_hal_i2c.o
HAL_I2C_Slave_Receive_DMA                         build/stm32l4xx_hal_i2c.o
HAL_I2C_Slave_Receive_IT                          build/stm32l4xx_hal_i2c.o
HAL_I2C_Slave_Seq_Receive_DMA                     build/stm32l4xx_hal_i2c.o
HAL_I2C_Slave_Seq_Receive_IT                      build/stm32l4xx_hal_i2c.o
HAL_I2C_Slave_Seq_Transmit_DMA                    build/stm32l4xx_hal_i2c.o
HAL_I2C_Slave_Seq_Transmit_IT                     build/stm32l4xx_hal_i2c.o
HAL_I2C_Slave_Transmit                            build/stm32l4xx_hal_i2c.o
HAL_I2C_Slave_Transmit_DMA                        build/stm32l4xx_hal_i2c.o
HAL_I2C_Slave_Transmit_IT                         build/stm32l4xx_hal_i2c.o
HAL_IncTick                                       build/stm32l4xx_hal.o
                                                  build/stm32l4xx_it.o
HAL_Init                                          build/stm32l4xx_hal.o
                                                  build/main.o
HAL_InitTick                                      build/stm32l4xx_hal.o
                                                  build/stm32l4xx_hal_rcc.o
HAL_LIN_Init                                      build/stm32l4xx_hal_uart.o
HAL_LIN_SendBreak                                 build/stm32l4xx_hal_uart.o
HAL_MPU_ConfigRegion                              build/stm32l4xx_hal_cortex.o
HAL_MPU_Disable                                   build/stm32l4xx_hal_cortex.o
HAL_MPU_Enable                                    build/stm32l4xx_hal_cortex.o
HAL_MspDeInit                                     build/stm32l4xx_hal.o
HAL_MspInit                                       build/stm32l4xx_hal_msp.o
HAL_MultiProcessorEx_AddressLength_Set            build/stm32l4xx_hal_uart_ex.o
HAL_MultiProcessor_DisableMuteMode                build/stm32l4xx_hal_uart.o
HAL_MultiProcessor_EnableMuteMode                 build/stm32l4xx_hal_uart.o
HAL_MultiProcessor_EnterMuteMode                  build/stm32l4xx_hal_uart.o
HAL_MultiProcessor_Init                           build/stm32l4xx_hal_uart.o
HAL_NVIC_ClearPendingIRQ                          build/stm32l4xx_hal_cortex.o
HAL_NVIC_DisableIRQ                               build/stm32l4xx_hal_cortex.o
HAL_NVIC_EnableIRQ                                build/stm32l4xx_hal_cortex.o
HAL_NVIC_GetActive                                build/stm32l4xx_hal_cortex.o
HAL_NVIC_GetPendingIRQ                            build/stm32l4xx_hal_cortex.o
HAL_NVIC_GetPriority                              build/stm32l4xx_hal_cortex.o
HAL_NVIC_GetPriorityGrouping                      build/stm32l4xx_hal_cortex.o
HAL_NVIC_SetPendingIRQ                            build/stm32l4xx_hal_cortex.o
HAL_NVIC_SetPriority                              build/stm32l4xx_hal_cortex.o
                                                  build/stm32l4xx_hal.o
HAL_NVIC_SetPriorityGrouping                      build/stm32l4xx_hal_cortex.o
                                                  build/stm32l4xx_hal.o
HAL_NVIC_SystemReset                              build/stm32l4xx_hal_cortex.o
HAL_PWREx_ConfigPVM                               build/stm32l4xx_hal_pwr_ex.o
HAL_PWREx_ControlVoltageScaling                   build/stm32l4xx_hal_pwr_ex.o
                                                  build/main.o
HAL_PWREx_DisableBatteryCharging                  build/stm32l4xx_hal_pwr_ex.o
HAL_PWREx_DisableGPIOPullDown                     build/stm32l4xx_hal_pwr_ex.o
HAL_PWREx_DisableGPIOPullUp                       build/stm32l4xx_hal_pwr_ex.o
HAL_PWREx_DisableInternalWakeUpLine               build/stm32l4xx_hal_pwr_ex.o
HAL_PWREx_DisableLowPowerRunMode                  build/stm32l4xx_hal_pwr_ex.o
                                                  build/stm32l4xx_hal_pwr.o
HAL_PWREx_DisablePVM1                             build/stm32l4xx_hal_pwr_ex.o
HAL_PWREx_DisablePVM2                             build/stm32l4xx_hal_pwr_ex.o
HAL_PWREx_DisablePVM3                             build/stm32l4xx_hal_pwr_ex.o
HAL_PWREx_DisablePVM4                             build/stm32l4xx_hal_pwr_ex.o
HAL_PWREx_DisablePullUpPullDownConfig             build/stm32l4xx_hal_pwr_ex.o
HAL_PWREx_DisableSRAM2ContentRetention            build/stm32l4xx_hal_pwr_ex.o
HAL_PWREx_DisableVddIO2                           build/stm32l4xx_hal_pwr_ex.o
HAL_PWREx_DisableVddUSB                           build/stm32l4xx_hal_pwr_ex.o
HAL_PWREx_EnableBatteryCharging                   build/stm32l4xx_hal_pwr_ex.o
HAL_PWREx_EnableGPIOPullDown                      build/stm32l4xx_hal_pwr_ex.o
HAL_PWREx_EnableGPIOPullUp                        build/stm32l4xx_hal_pwr_ex.o
HAL_PWREx_EnableInternalWakeUpLine                build/stm32l4xx_hal_pwr_ex.o
HAL_PWREx_EnableLowPowerRunMode                   build/stm32l4xx_hal_pwr_ex.o
                                                  build/stm32l4xx_hal_pwr.o
HAL_PWREx_EnablePVM1                              build/stm32l4xx_hal_pwr_ex.o
HAL_PWREx_EnablePVM2                              build/stm32l4xx_hal_pwr_ex.o
HAL_PWREx_EnablePVM3                              build/stm32l4xx_hal_pwr_ex.o
HAL_PWREx_EnablePVM4                              build/stm32l4xx_hal_pwr_ex.o
HAL_PWREx_EnablePullUpPullDownConfig              build/stm32l4xx_hal_pwr_ex.o
HAL_PWREx_EnableSRAM2ContentRetention             build/stm32l4xx_hal_pwr_ex.o
HAL_PWREx_EnableVddIO2                            build/stm32l4xx_hal_pwr_ex.o
HAL_PWREx_EnableVddUSB                            build/stm32l4xx_hal_pwr_ex.o
HAL_PWREx_EnterSHUTDOWNMode                       build/stm32l4xx_hal_pwr_ex.o
HAL_PWREx_EnterSTOP0Mode                          build/stm32l4xx_hal_pwr_ex.o
                                                  build/stm32l4xx_hal_pwr.o
HAL_PWREx_EnterSTOP1Mode                          build/stm32l4xx_hal_pwr_ex.o
                                                  build/stm32l4xx_hal_pwr.o
HAL_PWREx_EnterSTOP2Mode                          build/stm32l4xx_hal_pwr_ex.o
HAL_PWREx_GetVoltageRange                         build/stm32l4xx_hal_pwr_ex.o
                                                  build/stm32l4xx_hal_rcc.o
HAL_PWREx_PVD_PVM_IRQHandler                      build/stm32l4xx_hal_pwr_ex.o
HAL_PWREx_PVM1Callback                            build/stm32l4xx_hal_pwr_ex.o
HAL_PWREx_PVM2Callback                            build/stm32l4xx_hal_pwr_ex.o
HAL_PWREx_PVM3Callback                            build/stm32l4xx_hal_pwr_ex.o
HAL_PWREx_PVM4Callback                            build/stm32l4xx_hal_pwr_ex.o
HAL_PWR_ConfigPVD                                 build/stm32l4xx_hal_pwr.o
HAL_PWR_DeInit                                    build/stm32l4xx_hal_pwr.o
HAL_PWR_DisableBkUpAccess                         build/stm32l4xx_hal_pwr.o
                                                  build/stm32l4xx_hal_rcc_ex.o
HAL_PWR_DisablePVD                                build/stm32l4xx_hal_pwr.o
HAL_PWR_DisableSEVOnPend                          build/stm32l4xx_hal_pwr.o
HAL_PWR_DisableSleepOnExit                        build/stm32l4xx_hal_pwr.o
HAL_PWR_DisableWakeUpPin                          build/stm32l4xx_hal_pwr.o
HAL_PWR_EnableBkUpAccess                          build/stm32l4xx_hal_pwr.o
                                                  build/stm32l4xx_hal_rcc_ex.o
                                                  build/main.o
HAL_PWR_EnablePVD                                 build/stm32l4xx_hal_pwr.o
HAL_PWR_EnableSEVOnPend                           build/stm32l4xx_hal_pwr.o
HAL_PWR_EnableSleepOnExit                         build/stm32l4xx_hal_pwr.o
HAL_PWR_EnableWakeUpPin                           build/stm32l4xx_hal_pwr.o
HAL_PWR_EnterSLEEPMode                            build/stm32l4xx_hal_pwr.o
HAL_PWR_EnterSTANDBYMode                          build/stm32l4xx_hal_pwr.o
HAL_PWR_EnterSTOPMode                             build/stm32l4xx_hal_pwr.o
HAL_PWR_PVDCallback                               build/stm32l4xx_hal_pwr.o
                                                  build/stm32l4xx_hal_pwr_ex.o
HAL_RCCEx_CRSConfig                               build/stm32l4xx_hal_rcc_ex.o
HAL_RCCEx_CRSGetSynchronizationInfo               build/stm32l4xx_hal_rcc_ex.o
HAL_RCCEx_CRSSoftwareSynchronizationGenerate      build/stm32l4xx_hal_rcc_ex.o
HAL_RCCEx_CRSWaitSynchronization                  build/stm32l4xx_hal_rcc_ex.o
HAL_RCCEx_CRS_ErrorCallback                       build/stm32l4xx_hal_rcc_ex.o
HAL_RCCEx_CRS_ExpectedSyncCallback                build/stm32l4xx_hal_rcc_ex.o
HAL_RCCEx_CRS_IRQHandler                          build/stm32l4xx_hal_rcc_ex.o
HAL_RCCEx_CRS_SyncOkCallback                      build/stm32l4xx_hal_rcc_ex.o
HAL_RCCEx_CRS_SyncWarnCallback                    build/stm32l4xx_hal_rcc_ex.o
HAL_RCCEx_DisableLSCO                             build/stm32l4xx_hal_rcc_ex.o
HAL_RCCEx_DisableLSECSS                           build/stm32l4xx_hal_rcc_ex.o
HAL_RCCEx_DisableMSIPLLMode                       build/stm32l4xx_hal_rcc_ex.o
HAL_RCCEx_DisablePLLSAI1                          build/stm32l4xx_hal_rcc_ex.o
HAL_RCCEx_DisablePLLSAI2                          build/stm32l4xx_hal_rcc_ex.o
HAL_RCCEx_EnableLSCO                              build/stm32l4xx_hal_rcc_ex.o
HAL_RCCEx_EnableLSECSS                            build/stm32l4xx_hal_rcc_ex.o
HAL_RCCEx_EnableLSECSS_IT                         build/stm32l4xx_hal_rcc_ex.o
HAL_RCCEx_EnableMSIPLLMode                        build/stm32l4xx_hal_rcc_ex.o
                                                  build/main.o
HAL_RCCEx_EnablePLLSAI1                           build/stm32l4xx_hal_rcc_ex.o
HAL_RCCEx_EnablePLLSAI2                           build/stm32l4xx_hal_rcc_ex.o
HAL_RCCEx_GetPeriphCLKConfig                      build/stm32l4xx_hal_rcc_ex.o
HAL_RCCEx_GetPeriphCLKFreq                        build/stm32l4xx_hal_rcc_ex.o
HAL_RCCEx_LSECSS_Callback                         build/stm32l4xx_hal_rcc_ex.o
HAL_RCCEx_LSECSS_IRQHandler                       build/stm32l4xx_hal_rcc_ex.o
HAL_RCCEx_PeriphCLKConfig                         build/stm32l4xx_hal_rcc_ex.o
                                                  build/main.o
HAL_RCCEx_StandbyMSIRangeConfig                   build/stm32l4xx_hal_rcc_ex.o
HAL_RCCEx_WakeUpStopCLKConfig                     build/stm32l4xx_hal_rcc_ex.o
HAL_RCC_CSSCallback                               build/stm32l4xx_hal_rcc.o
HAL_RCC_ClockConfig                               build/stm32l4xx_hal_rcc.o
                                                  build/main.o
HAL_RCC_DeInit                                    build/stm32l4xx_hal_rcc.o
HAL_RCC_EnableCSS                                 build/stm32l4xx_hal_rcc.o
HAL_RCC_GetClockConfig                            build/stm32l4xx_hal_rcc.o
HAL_RCC_GetHCLKFreq                               build/stm32l4xx_hal_rcc.o
                                                  build/dwt_stm32_delay.o
HAL_RCC_GetOscConfig                              build/stm32l4xx_hal_rcc.o
HAL_RCC_GetPCLK1Freq                              build/stm32l4xx_hal_rcc.o
                                                  build/stm32l4xx_hal_uart.o
                                                  build/stm32l4xx_hal_rcc_ex.o
HAL_RCC_GetPCLK2Freq                              build/stm32l4xx_hal_rcc.o
                                                  build/stm32l4xx_hal_uart.o
                                                  build/stm32l4xx_hal_rcc_ex.o
HAL_RCC_GetSysClockFreq                           build/stm32l4xx_hal_rcc.o
                                                  build/stm32l4xx_hal_uart.o
                                                  build/stm32l4xx_hal_rcc_ex.o
HAL_RCC_MCOConfig                                 build/stm32l4xx_hal_rcc.o
HAL_RCC_NMI_IRQHandler                            build/stm32l4xx_hal_rcc.o
HAL_RCC_OscConfig                                 build/stm32l4xx_hal_rcc.o
                                                  build/main.o
HAL_RS485Ex_Init                                  build/stm32l4xx_hal_uart_ex.o
HAL_ResumeTick                                    build/stm32l4xx_hal.o
HAL_SPIEx_FlushRxFifo                             build/stm32l4xx_hal_spi_ex.o
HAL_SPI_Abort                                     build/stm32l4xx_hal_spi.o
HAL_SPI_AbortCpltCallback                         build/stm32l4xx_hal_spi.o
HAL_SPI_Abort_IT                                  build/stm32l4xx_hal_spi.o
HAL_SPI_DMAPause                                  build/stm32l4xx_hal_spi.o
HAL_SPI_DMAResume                                 build/stm32l4xx_hal_spi.o
HAL_SPI_DMAStop                                   build/stm32l4xx_hal_spi.o
HAL_SPI_DeInit                                    build/stm32l4xx_hal_spi.o
HAL_SPI_ErrorCallback                             build/stm32l4xx_hal_spi.o
HAL_SPI_GetError                                  build/stm32l4xx_hal_spi.o
HAL_SPI_GetState                                  build/stm32l4xx_hal_spi.o
HAL_SPI_IRQHandler                                build/stm32l4xx_hal_spi.o
HAL_SPI_Init                                      build/stm32l4xx_hal_spi.o
                                                  build/main.o
HAL_SPI_MspDeInit                                 build/stm32l4xx_hal_msp.o
HAL_SPI_MspInit                                   build/stm32l4xx_hal_msp.o
HAL_SPI_Receive                                   build/stm32l4xx_hal_spi.o
HAL_SPI_Receive_DMA                               build/stm32l4xx_hal_spi.o
HAL_SPI_Receive_IT                                build/stm32l4xx_hal_spi.o
HAL_SPI_RxCpltCallback                            build/stm32l4xx_hal_spi.o
HAL_SPI_RxHalfCpltCallback                        build/stm32l4xx_hal_spi.o
HAL_SPI_Transmit                                  build/stm32l4xx_hal_spi.o
HAL_SPI_TransmitReceive                           build/stm32l4xx_hal_spi.o
HAL_SPI_TransmitReceive_DMA                       build/stm32l4xx_hal_spi.o
HAL_SPI_TransmitReceive_IT                        build/stm32l4xx_hal_spi.o
HAL_SPI_Transmit_DMA                              build/stm32l4xx_hal_spi.o
HAL_SPI_Transmit_IT                               build/stm32l4xx_hal_spi.o
HAL_SPI_TxCpltCallback                            build/stm32l4xx_hal_spi.o
HAL_SPI_TxHalfCpltCallback                        build/stm32l4xx_hal_spi.o
HAL_SPI_TxRxCpltCallback                          build/stm32l4xx_hal_spi.o
HAL_SPI_TxRxHalfCpltCallback                      build/stm32l4xx_hal_spi.o
HAL_SYSCFG_DisableIOAnalogSwitchBooster           build/stm32l4xx_hal.o
HAL_SYSCFG_DisableMemorySwappingBank              build/stm32l4xx_hal.o
HAL_SYSCFG_DisableVREFBUF                         build/stm32l4xx_hal.o
HAL_SYSCFG_EnableIOAnalogSwitchBooster            build/stm32l4xx_hal.o
HAL_SYSCFG_EnableMemorySwappingBank               build/stm32l4xx_hal.o
HAL_SYSCFG_EnableVREFBUF                          build/stm32l4xx_hal.o
HAL_SYSCFG_SRAM2Erase                             build/stm32l4xx_hal.o
HAL_SYSCFG_VREFBUF_HighImpedanceConfig            build/stm32l4xx_hal.o
HAL_SYSCFG_VREFBUF_TrimmingConfig                 build/stm32l4xx_hal.o
HAL_SYSCFG_VREFBUF_VoltageScalingConfig           build/stm32l4xx_hal.o
HAL_SYSTICK_CLKSourceConfig                       build/stm32l4xx_hal_cortex.o
HAL_SYSTICK_Callback                              build/stm32l4xx_hal_cortex.o
HAL_SYSTICK_Config                                build/stm32l4xx_hal_cortex.o
                                                  build/stm32l4xx_hal.o
HAL_SYSTICK_IRQHandler                            build/stm32l4xx_hal_cortex.o
HAL_SetTickFreq                                   build/stm32l4xx_hal.o
HAL_SuspendTick                                   build/stm32l4xx_hal.o
HAL_UARTEx_DisableClockStopMode                   build/stm32l4xx_hal_uart_ex.o
HAL_UARTEx_DisableStopMode                        build/stm32l4xx_hal_uart_ex.o
HAL_UARTEx_EnableClockStopMode                    build/stm32l4xx_hal_uart_ex.o
HAL_UARTEx_EnableStopMode                         build/stm32l4xx_hal_uart_ex.o
HAL_UARTEx_StopModeWakeUpSourceConfig             build/stm32l4xx_hal_uart_ex.o
HAL_UARTEx_WakeupCallback                         build/stm32l4xx_hal_uart_ex.o
                                                  build/stm32l4xx_hal_uart.o
HAL_UART_Abort                                    build/stm32l4xx_hal_uart.o
HAL_UART_AbortCpltCallback                        build/stm32l4xx_hal_uart.o
HAL_UART_AbortReceive                             build/stm32l4xx_hal_uart.o
HAL_UART_AbortReceiveCpltCallback                 build/stm32l4xx_hal_uart.o
HAL_UART_AbortReceive_IT                          build/stm32l4xx_hal_uart.o
HAL_UART_AbortTransmit                            build/stm32l4xx_hal_uart.o
HAL_UART_AbortTransmitCpltCallback                build/stm32l4xx_hal_uart.o
HAL_UART_AbortTransmit_IT                         build/stm32l4xx_hal_uart.o
HAL_UART_Abort_IT                                 build/stm32l4xx_hal_uart.o
HAL_UART_DMAPause                                 build/stm32l4xx_hal_uart.o
HAL_UART_DMAResume                                build/stm32l4xx_hal_uart.o
HAL_UART_DMAStop                                  build/stm32l4xx_hal_uart.o
HAL_UART_DeInit                                   build/stm32l4xx_hal_uart.o
HAL_UART_ErrorCallback                            build/stm32l4xx_hal_uart.o
HAL_UART_GetError                                 build/stm32l4xx_hal_uart.o
HAL_UART_GetState                                 build/stm32l4xx_hal_uart.o
HAL_UART_IRQHandler                               build/stm32l4xx_hal_uart.o
HAL_UART_Init                                     build/stm32l4xx_hal_uart.o
                                                  build/main.o
HAL_UART_MspDeInit                                build/stm32l4xx_hal_msp.o
HAL_UART_MspInit                                  build/stm32l4xx_hal_msp.o
                                                  build/stm32l4xx_hal_uart_ex.o
HAL_UART_Receive                                  build/stm32l4xx_hal_uart.o
HAL_UART_Receive_DMA                              build/stm32l4xx_hal_uart.o
HAL_UART_Receive_IT                               build/stm32l4xx_hal_uart.o
HAL_UART_RxCpltCallback                           build/stm32l4xx_hal_uart.o
HAL_UART_RxHalfCpltCallback                       build/stm32l4xx_hal_uart.o
HAL_UART_Transmit                                 build/stm32l4xx_hal_uart.o
HAL_UART_Transmit_DMA                             build/stm32l4xx_hal_uart.o
HAL_UART_Transmit_IT                              build/stm32l4xx_hal_uart.o
HAL_UART_TxCpltCallback                           build/stm32l4xx_hal_uart.o
HAL_UART_TxHalfCpltCallback                       build/stm32l4xx_hal_uart.o
HardFault_Handler                                 build/stm32l4xx_it.o
I2C1_ER_IRQHandler                                build/startup_stm32l496xx.o
I2C1_EV_IRQHandler                                build/startup_stm32l496xx.o
I2C2_ER_IRQHandler                                build/startup_stm32l496xx.o
I2C2_EV_IRQHandler                                build/startup_stm32l496xx.o
I2C3_ER_IRQHandler                                build/startup_stm32l496xx.o
I2C3_EV_IRQHandler                                build/startup_stm32l496xx.o
I2C4_ER_IRQHandler                                build/startup_stm32l496xx.o
I2C4_EV_IRQHandler                                build/startup_stm32l496xx.o
LCD_IRQHandler                                    build/startup_stm32l496xx.o
LPTIM1_IRQHandler                                 build/startup_stm32l496xx.o
LPTIM2_IRQHandler                                 build/startup_stm32l496xx.o
LPUART1_IRQHandler                                build/startup_stm32l496xx.o
MSIRangeTable                                     build/system_stm32l4xx.o
                                                  build/stm32l4xx_hal_rcc_ex.o
                                                  build/stm32l4xx_hal_rcc.o
MemManage_Handler                                 build/stm32l4xx_it.o
NMI_Handler                                       build/stm32l4xx_it.o
OTG_FS_IRQHandler                                 build/startup_stm32l496xx.o
PVD_PVM_IRQHandler                                build/startup_stm32l496xx.o
PendSV_Handler                                    build/stm32l4xx_it.o
QUADSPI_IRQHandler                                build/startup_stm32l496xx.o
RCC_IRQHandler                                    build/startup_stm32l496xx.o
RNG_IRQHandler                                    build/startup_stm32l496xx.o
RTC_Alarm_IRQHandler                              build/startup_stm32l496xx.o
RTC_WKUP_IRQHandler                               build/startup_stm32l496xx.o
Reset_Handler                                     build/startup_stm32l496xx.o
SAI1_IRQHandler                                   build/startup_stm32l496xx.o
SAI2_IRQHandler                                   build/startup_stm32l496xx.o
SDMMC1_IRQHandler                                 build/startup_stm32l496xx.o
SPI1_IRQHandler                                   build/startup_stm32l496xx.o
SPI2_IRQHandler                                   build/startup_stm32l496xx.o
SPI3_IRQHandler                                   build/startup_stm32l496xx.o
SVC_Handler                                       build/stm32l4xx_it.o
SWPMI1_IRQHandler                                 build/startup_stm32l496xx.o
SysTick_Handler                                   build/stm32l4xx_it.o
SystemClock_Config                                build/main.o
SystemCoreClock                                   build/system_stm32l4xx.o
                                                  build/stm32l4xx_hal_spi.o
                                                  build/stm32l4xx_hal_pwr_ex.o
                                                  build/stm32l4xx_hal_rcc.o
                                                  build/stm32l4xx_hal.o
SystemCoreClockUpdate                             build/system_stm32l4xx.o
SystemInit                                        build/system_stm32l4xx.o
                                                  build/startup_stm32l496xx.o
TAMP_STAMP_IRQHandler                             build/startup_stm32l496xx.o
TIM1_BRK_TIM15_IRQHandler                         build/startup_stm32l496xx.o
TIM1_CC_IRQHandler                                build/startup_stm32l496xx.o
TIM1_TRG_COM_TIM17_IRQHandler                     build/startup_stm32l496xx.o
TIM1_UP_TIM16_IRQHandler                          build/startup_stm32l496xx.o
TIM2_IRQHandler                                   build/startup_stm32l496xx.o
TIM3_IRQHandler                                   build/startup_stm32l496xx.o
TIM4_IRQHandler                                   build/startup_stm32l496xx.o
TIM5_IRQHandler                                   build/startup_stm32l496xx.o
TIM6_DAC_IRQHandler                               build/startup_stm32l496xx.o
TIM7_IRQHandler                                   build/startup_stm32l496xx.o
TIM8_BRK_IRQHandler                               build/startup_stm32l496xx.o
TIM8_CC_IRQHandler                                build/startup_stm32l496xx.o
TIM8_TRG_COM_IRQHandler                           build/startup_stm32l496xx.o
TIM8_UP_IRQHandler                                build/startup_stm32l496xx.o
TSC_IRQHandler                                    build/startup_stm32l496xx.o
UART4_IRQHandler                                  build/startup_stm32l496xx.o
UART5_IRQHandler                                  build/startup_stm32l496xx.o
UART_AdvFeatureConfig                             build/stm32l4xx_hal_uart.o
                                                  build/stm32l4xx_hal_uart_ex.o
UART_CheckIdleState                               build/stm32l4xx_hal_uart.o
                                                  build/stm32l4xx_hal_uart_ex.o
UART_SetConfig                                    build/stm32l4xx_hal_uart.o
                                                  build/stm32l4xx_hal_uart_ex.o
UART_WaitOnFlagUntilTimeout                       build/stm32l4xx_hal_uart.o
                                                  build/stm32l4xx_hal_uart_ex.o
USART1_IRQHandler                                 build/startup_stm32l496xx.o
USART2_IRQHandler                                 build/startup_stm32l496xx.o
USART3_IRQHandler                                 build/startup_stm32l496xx.o
UsageFault_Handler                                build/stm32l4xx_it.o
WWDG_IRQHandler                                   build/startup_stm32l496xx.o
_ITM_deregisterTMCloneTable                       /home/hung/opt/xPacks/@gnu-mcu-eclipse/arm-none-eabi-gcc/8.2.1-1.7.1/.content/bin/../lib/gcc/arm-none-eabi/8.2.1/thumb/v7e-m+fp/hard/crtbegin.o
_ITM_registerTMCloneTable                         /home/hung/opt/xPacks/@gnu-mcu-eclipse/arm-none-eabi-gcc/8.2.1-1.7.1/.content/bin/../lib/gcc/arm-none-eabi/8.2.1/thumb/v7e-m+fp/hard/crtbegin.o
__TMC_END__                                       /home/hung/opt/xPacks/@gnu-mcu-eclipse/arm-none-eabi-gcc/8.2.1-1.7.1/.content/bin/../lib/gcc/arm-none-eabi/8.2.1/thumb/v7e-m+fp/hard/crtend.o
                                                  /home/hung/opt/xPacks/@gnu-mcu-eclipse/arm-none-eabi-gcc/8.2.1-1.7.1/.content/bin/../lib/gcc/arm-none-eabi/8.2.1/thumb/v7e-m+fp/hard/crtbegin.o
__adddf3                                          /home/hung/opt/xPacks/@gnu-mcu-eclipse/arm-none-eabi-gcc/8.2.1-1.7.1/.content/bin/../lib/gcc/arm-none-eabi/8.2.1/thumb/v7e-m+fp/hard/libgcc.a(_arm_addsubdf3.o)
__aeabi_d2uiz                                     /home/hung/opt/xPacks/@gnu-mcu-eclipse/arm-none-eabi-gcc/8.2.1-1.7.1/.content/bin/../lib/gcc/arm-none-eabi/8.2.1/thumb/v7e-m+fp/hard/libgcc.a(_arm_fixunsdfsi.o)
                                                  build/main.o
__aeabi_dadd                                      /home/hung/opt/xPacks/@gnu-mcu-eclipse/arm-none-eabi-gcc/8.2.1-1.7.1/.content/bin/../lib/gcc/arm-none-eabi/8.2.1/thumb/v7e-m+fp/hard/libgcc.a(_arm_addsubdf3.o)
__aeabi_ddiv                                      /home/hung/opt/xPacks/@gnu-mcu-eclipse/arm-none-eabi-gcc/8.2.1-1.7.1/.content/bin/../lib/gcc/arm-none-eabi/8.2.1/thumb/v7e-m+fp/hard/libgcc.a(_arm_muldivdf3.o)
__aeabi_dmul                                      /home/hung/opt/xPacks/@gnu-mcu-eclipse/arm-none-eabi-gcc/8.2.1-1.7.1/.content/bin/../lib/gcc/arm-none-eabi/8.2.1/thumb/v7e-m+fp/hard/libgcc.a(_arm_muldivdf3.o)
                                                  build/main.o
__aeabi_drsub                                     /home/hung/opt/xPacks/@gnu-mcu-eclipse/arm-none-eabi-gcc/8.2.1-1.7.1/.content/bin/../lib/gcc/arm-none-eabi/8.2.1/thumb/v7e-m+fp/hard/libgcc.a(_arm_addsubdf3.o)
__aeabi_dsub                                      /home/hung/opt/xPacks/@gnu-mcu-eclipse/arm-none-eabi-gcc/8.2.1-1.7.1/.content/bin/../lib/gcc/arm-none-eabi/8.2.1/thumb/v7e-m+fp/hard/libgcc.a(_arm_addsubdf3.o)
__aeabi_f2d                                       /home/hung/opt/xPacks/@gnu-mcu-eclipse/arm-none-eabi-gcc/8.2.1-1.7.1/.content/bin/../lib/gcc/arm-none-eabi/8.2.1/thumb/v7e-m+fp/hard/libgcc.a(_arm_addsubdf3.o)
__aeabi_i2d                                       /home/hung/opt/xPacks/@gnu-mcu-eclipse/arm-none-eabi-gcc/8.2.1-1.7.1/.content/bin/../lib/gcc/arm-none-eabi/8.2.1/thumb/v7e-m+fp/hard/libgcc.a(_arm_addsubdf3.o)
__aeabi_idiv0                                     /home/hung/opt/xPacks/@gnu-mcu-eclipse/arm-none-eabi-gcc/8.2.1-1.7.1/.content/bin/../lib/gcc/arm-none-eabi/8.2.1/thumb/v7e-m+fp/hard/libgcc.a(_dvmd_tls.o)